Component: ARM Compiler 5.06 update 6 (build 750) Tool: armlink [4d35ed]

==============================================================================

Section Cross References

    main.o(.text) refers to misc.o(.text) for NVIC_PriorityGroupConfig
    main.o(.text) refers to usart1.o(.text) for My_USART2_Init
    main.o(.text) refers to usart4.o(.text) for usart4_Configuration
    main.o(.text) refers to pwm_config.o(.text) for pwm_config
    main.o(.text) refers to delay.o(.text) for delay_init
    main.o(.text) refers to usart.o(.text) for uart_init
    main.o(.text) refers to key.o(.text) for KEY_Init
    main.o(.text) refers to led.o(.text) for LED_Init
    main.o(.text) refers to bsp_rtc.o(.text) for RTC_NVIC_Config
    main.o(.text) refers to bsp_i2c_ee.o(.text) for ee_CheckOk
    main.o(.text) refers to printf8.o(i.__0printf$8) for __2printf
    main.o(.text) refers to computer.o(.text) for Join_in
    main.o(.text) refers to finger.o(.text) for cleck_FG
    main.o(.text) refers to main.o(.bss) for systmtime
    main.o(.text) refers to fpm10a.o(.data) for FP_Pack_Head
    main.o(.text) refers to deal_fg.o(.data) for FG_Key
    main.o(.text) refers to usart1.o(.bss) for san
    stm32f10x_it.o(.text) refers to stm32f10x_rtc.o(.text) for RTC_GetITStatus
    system_stm32f10x.o(.text) refers to system_stm32f10x.o(.data) for SystemCoreClock
    computer.o(.text) refers to usart1.o(.text) for USART_SendByte
    computer.o(.text) refers to delay.o(.text) for delay_ms
    computer.o(.text) refers to finger.o(.text) for Add_FG
    computer.o(.text) refers to usart4.o(.text) for usart4_Send
    computer.o(.text) refers to bsp_i2c_ee.o(.text) for ee_WriteBytes
    computer.o(.text) refers to key.o(.text) for KEY_Scand
    computer.o(.text) refers to fpm10a.o(.text) for FINGERPRINT_Cmd_Delete_Model
    computer.o(.text) refers to deal_fg.o(.text) for Delete_FG
    computer.o(.text) refers to run.o(.text) for Config
    computer.o(.text) refers to fpm10a.o(.data) for FP_Pack_Head
    computer.o(.text) refers to main.o(.data) for yanz
    computer.o(.text) refers to main.o(.bss) for yi
    computer.o(.text) refers to usart1.o(.bss) for er
    computer.o(.text) refers to computer.o(.data) for Send_Com
    computer.o(.text) refers to computer.o(.bss) for I2c_Buf_Write
    computer.o(.text) refers to run.o(.data) for up
    deal_fg.o(.text) refers to stm32f10x_usart.o(.text) for USART_SendData
    deal_fg.o(.text) refers to fpm10a.o(.text) for FINGERPRINT_Cmd_Get_Img
    deal_fg.o(.text) refers to delay.o(.text) for delay_ms
    deal_fg.o(.text) refers to usart1.o(.text) for USART_SendByte
    deal_fg.o(.text) refers to bsp_i2c_ee.o(.text) for ee_ReadBytes
    deal_fg.o(.text) refers to stm32f10x_rtc.o(.text) for RTC_GetCounter
    deal_fg.o(.text) refers to fpm10a.o(.data) for FP_Pack_Head
    deal_fg.o(.text) refers to deal_fg.o(.data) for FG_Key
    deal_fg.o(.text) refers to main.o(.bss) for yi
    deal_fg.o(.text) refers to main.o(.data) for yanz
    deal_fg.o(.text) refers to computer.o(.data) for Send_Com
    deal_fg.o(.text) refers to bsp_rtc.o(.text) for Time_Show
    fpm10a.o(.text) refers to usart1.o(.text) for USART_SendByte
    fpm10a.o(.text) refers to delay.o(.text) for delay_ms
    fpm10a.o(.text) refers to stm32f10x_usart.o(.text) for USART_ReceiveData
    fpm10a.o(.text) refers to fpm10a.o(.data) for FP_Pack_Head
    fpm10a.o(.text) refers to fpm10a.o(.bss) for dat
    bsp_i2c_ee.o(.text) refers to bsp_i2c_gpio.o(.text) for i2c_CheckDevice
    bsp_i2c_ee.o(.text) refers to printf8.o(i.__0printf$8) for __2printf
    bsp_i2c_gpio.o(.text) refers to stm32f10x_rcc.o(.text) for RCC_APB2PeriphClockCmd
    bsp_i2c_gpio.o(.text) refers to stm32f10x_gpio.o(.text) for GPIO_Init
    key.o(.text) refers to stm32f10x_rcc.o(.text) for RCC_APB2PeriphClockCmd
    key.o(.text) refers to stm32f10x_gpio.o(.text) for GPIO_Init
    led.o(.text) refers to stm32f10x_rcc.o(.text) for RCC_APB2PeriphClockCmd
    led.o(.text) refers to stm32f10x_gpio.o(.text) for GPIO_Init
    pwm_config.o(.text) refers to stm32f10x_rcc.o(.text) for RCC_APB2PeriphClockCmd
    pwm_config.o(.text) refers to stm32f10x_gpio.o(.text) for GPIO_Init
    pwm_config.o(.text) refers to stm32f10x_tim.o(.text) for TIM_TimeBaseInit
    bsp_calendar.o(.text) refers to bsp_calendar.o(.constdata) for year_code
    bsp_calendar.o(.text) refers to bsp_calendar.o(.data) for sky
    bsp_calendar.o(.data) refers to bsp_calendar.o(.conststring) for .conststring
    bsp_date.o(.text) refers to memcpya.o(.text) for __aeabi_memcpy4
    bsp_date.o(.text) refers to bsp_date.o(.constdata) for .constdata
    bsp_date.o(.text) refers to bsp_date.o(.data) for month_days
    bsp_rtc.o(.text) refers to misc.o(.text) for NVIC_PriorityGroupConfig
    bsp_rtc.o(.text) refers to stm32f10x_usart.o(.text) for USART_GetFlagStatus
    bsp_rtc.o(.text) refers to printf8.o(i.__0printf$8) for __2printf
    bsp_rtc.o(.text) refers to stm32f10x_rtc.o(.text) for RTC_WaitForLastTask
[...]
    printfa.o(i.__0printf) refers to usart.o(.data) for __stdout
    printfa.o(i.__0snprintf) refers (Special) to iusefp.o(.text) for __I$use$fp
    printfa.o(i.__0snprintf) refers to printfa.o(i._printf_core) for _printf_core
    printfa.o(i.__0snprintf) refers to printfa.o(i._snputc) for _snputc
    printfa.o(i.__0sprintf) refers (Special) to iusefp.o(.text) for __I$use$fp
    printfa.o(i.__0sprintf) refers to printfa.o(i._printf_core) for _printf_core
    printfa.o(i.__0sprintf) refers to printfa.o(i._sputc) for _sputc
    printfa.o(i.__0vfprintf) refers (Special) to iusefp.o(.text) for __I$use$fp
    printfa.o(i.__0vfprintf) refers to printfa.o(i._printf_core) for _printf_core
    printfa.o(i.__0vfprintf) refers to usart.o(.text) for fputc
    printfa.o(i.__0vprintf) refers (Special) to iusefp.o(.text) for __I$use$fp
    printfa.o(i.__0vprintf) refers to printfa.o(i._printf_core) for _printf_core
    printfa.o(i.__0vprintf) refers to usart.o(.text) for fputc
    printfa.o(i.__0vprintf) refers to usart.o(.data) for __stdout
    printfa.o(i.__0vsnprintf) refers (Special) to iusefp.o(.text) for __I$use$fp
    printfa.o(i.__0vsnprintf) refers to printfa.o(i._printf_core) for _printf_core
    printfa.o(i.__0vsnprintf) refers to printfa.o(i._snputc) for _snputc
    printfa.o(i.__0vsprintf) refers (Special) to iusefp.o(.text) for __I$use$fp
    printfa.o(i.__0vsprintf) refers to printfa.o(i._printf_core) for _printf_core
    printfa.o(i.__0vsprintf) refers to printfa.o(i._sputc) for _sputc
    printfa.o(i._fp_digits) refers (Special) to iusefp.o(.text) for __I$use$fp
    printfa.o(i._fp_digits) refers to dmul.o(.text) for __aeabi_dmul
    printfa.o(i._fp_digits) refers to ddiv.o(.text) for __aeabi_ddiv
    printfa.o(i._fp_digits) refers to cdrcmple.o(.text) for __aeabi_cdrcmple
    printfa.o(i._fp_digits) refers to dadd.o(.text) for __aeabi_dadd
    printfa.o(i._fp_digits) refers to dfixul.o(.text) for __aeabi_d2ulz
    printfa.o(i._fp_digits) refers to uldiv.o(.text) for __aeabi_uldivmod
    printfa.o(i._printf_core) refers (Special) to iusefp.o(.text) for __I$use$fp
    printfa.o(i._printf_core) refers to printfa.o(i._printf_pre_padding) for _printf_pre_padding
    printfa.o(i._printf_core) refers to uldiv.o(.text) for __aeabi_uldivmod
    printfa.o(i._printf_core) refers to printfa.o(i._printf_post_padding) for _printf_post_padding
    printfa.o(i._printf_core) refers to printfa.o(i._fp_digits) for _fp_digits
    printfa.o(i._printf_core) refers to uidiv.o(.text) for __aeabi_uidivmod
    printfa.o(i._printf_post_padding) refers (Special) to iusefp.o(.text) for __I$use$fp
    printfa.o(i._printf_pre_padding) refers (Special) to iusefp.o(.text) for __I$use$fp
    printfa.o(i._snputc) refers (Special) to iusefp.o(.text) for __I$use$fp
    printfa.o(i._sputc) refers (Special) to iusefp.o(.text) for __I$use$fp
    entry2.o(.ARM.Collect$$$$00000001) refers to entry2.o(.ARM.Collect$$$$00002712) for __lit__00000000
    entry2.o(.ARM.Collect$$$$00002712) refers to startup_stm32f10x_hd.o(STACK) for __initial_sp
    entry2.o(__vectab_stack_and_reset_area) refers to startup_stm32f10x_hd.o(STACK) for __initial_sp
    entry2.o(__vectab_stack_and_reset_area) refers to entry.o(.ARM.Collect$$$$00000000) for __main
    entry5.o(.ARM.Collect$$$$00000004) refers to init.o(.text) for __scatterload
    entry9a.o(.ARM.Collect$$$$0000000B) refers to main.o(.text) for main
    entry9b.o(.ARM.Collect$$$$0000000C) refers to main.o(.text) for main
    uldiv.o(.text) refers to llushr.o(.text) for __aeabi_llsr
    uldiv.o(.text) refers to llshl.o(.text) for __aeabi_llsl
    localtime_w.o(.text) refers to localtime_i.o(.text) for _localtime
    localtime_w.o(.text) refers to localtime_w.o(.bss) for .bss
    localtime_i.o(.text) refers to localtime_i.o(.constdata) for .constdata
    dadd.o(.text) refers to llshl.o(.text) for __aeabi_llsl
    dadd.o(.text) refers to llsshr.o(.text) for __aeabi_lasr
    dadd.o(.text) refers to depilogue.o(.text) for _double_epilogue
    dmul.o(.text) refers to depilogue.o(.text) for _double_epilogue
    ddiv.o(.text) refers to depilogue.o(.text) for _double_round
    dfixul.o(.text) refers to llushr.o(.text) for __aeabi_llsr
    dfixul.o(.text) refers to llshl.o(.text) for __aeabi_llsl
    init.o(.text) refers to entry5.o(.ARM.Collect$$$$00000004) for __main_after_scatterload
    depilogue.o(.text) refers to llshl.o(.text) for __aeabi_llsl
    depilogue.o(.text) refers to llushr.o(.text) for __aeabi_llsr


==============================================================================

Removing Unused input sections from the image.

    Removing deal_fg.o(.bss), (266 bytes).
    Removing rtc_time.o(.text), (504 bytes).
    Removing rtc_time.o(.data), (12 bytes).
    Removing stm32f10x_adc.o(.text), (1102 bytes).
    Removing stm32f10x_can.o(.text), (2544 bytes).
    Removing stm32f10x_cec.o(.text), (288 bytes).
    Removing stm32f10x_crc.o(.text), (72 bytes).
    Removing stm32f10x_dac.o(.text), (396 bytes).
    Removing stm32f10x_dbgmcu.o(.text), (48 bytes).
    Removing stm32f10x_dma.o(.text), (596 bytes).
    Removing stm32f10x_exti.o(.text), (284 bytes).
    Removing stm32f10x_flash.o(.text), (1468 bytes).
    Removing stm32f10x_fsmc.o(.text), (1548 bytes).
    Removing stm32f10x_i2c.o(.text), (1028 bytes).
    Removing stm32f10x_iwdg.o(.text), (64 bytes).
    Removing stm32f10x_sdio.o(.text), (468 bytes).
    Removing stm32f10x_spi.o(.text), (780 bytes).
    Removing stm32f10x_wwdg.o(.text), (136 bytes).
    Removing core_cm3.o(.emb_text), (32 bytes).
    Removing startup_stm32f10x_hd.o(HEAP), (512 bytes).
    Removing sys.o(.emb_text), (6 bytes).
    Removing sys.o(.text), (12 bytes).
    Removing usart.o(.bss), (200 bytes).
    Removing dadd.o(.text), (334 bytes).
    Removing dmul.o(.text), (228 bytes).
    Removing ddiv.o(.text), (222 bytes).
    Removing dfixul.o(.text), (48 bytes).
    Removing cdrcmple.o(.text), (48 bytes).
    Removing depilogue.o(.text), (186 bytes).

29 unused section(s) (total 13432 bytes) removed from the image.

==============================================================================

Image Symbol Table

    Local Symbols

    Symbol Name                              Value     Ov Type        Size  Object(Section)

    ../clib/../cmprslib/zerorunl2.c          0x00000000   Number         0  __dczerorl2.o ABSOLUTE
    ../clib/microlib/division.c              0x00000000   Number         0  uidiv.o ABSOLUTE
    ../clib/microlib/division.c              0x00000000   Number         0  uldiv.o ABSOLUTE
    ../clib/microlib/init/entry.s            0x00000000   Number         0  entry10a.o ABSOLUTE
    ../clib/microlib/init/entry.s            0x00000000   Number         0  entry7b.o ABSOLUTE
    ../clib/microlib/init/entry.s            0x00000000   Number         0  entry11b.o ABSOLUTE
    ../clib/microlib/init/entry.s            0x00000000   Number         0  entry7a.o ABSOLUTE
    ../clib/microlib/init/entry.s            0x00000000   Number         0  entry5.o ABSOLUTE
    ../clib/microlib/init/entry.s            0x00000000   Number         0  entry.o ABSOLUTE
    ../clib/microlib/init/entry.s            0x00000000   Number         0  entry8a.o ABSOLUTE
    ../clib/microlib/init/entry.s            0x00000000   Number         0  entry8b.o ABSOLUTE
    ../clib/microlib/init/entry.s            0x00000000   Number         0  entry2.o ABSOLUTE
    ../clib/microlib/init/entry.s            0x00000000   Number         0  entry9a.o ABSOLUTE
    ../clib/microlib/init/entry.s            0x00000000   Number         0  entry11a.o ABSOLUTE
    ../clib/microlib/init/entry.s            0x00000000   Number         0  entry10b.o ABSOLUTE
    ../clib/microlib/init/entry.s            0x00000000   Number         0  entry9b.o ABSOLUTE
    ../clib/microlib/longlong.c              0x00000000   Number         0  llshl.o ABSOLUTE
    ../clib/microlib/longlong.c              0x00000000   Number         0  llsshr.o ABSOLUTE
    ../clib/microlib/longlong.c              0x00000000   Number         0  llushr.o ABSOLUTE
    ../clib/microlib/printf/printf.c         0x00000000   Number         0  printf3.o ABSOLUTE
    ../clib/microlib/printf/printf.c         0x00000000   Number         0  printf8.o ABSOLUTE
    ../clib/microlib/printf/printf.c         0x00000000   Number         0  printf7.o ABSOLUTE
    ../clib/microlib/printf/printf.c         0x00000000   Number         0  printfb.o ABSOLUTE
    ../clib/microlib/printf/printf.c         0x00000000   Number         0  printf0.o ABSOLUTE
    ../clib/microlib/printf/printf.c         0x00000000   Number         0  printf6.o ABSOLUTE
    ../clib/microlib/printf/printf.c         0x00000000   Number         0  printf5.o ABSOLUTE
    ../clib/microlib/printf/printf.c         0x00000000   Number         0  printf1.o ABSOLUTE
    ../clib/microlib/printf/printf.c         0x00000000   Number         0  printf4.o ABSOLUTE
    ../clib/microlib/printf/printf.c         0x00000000   Number         0  printf2.o ABSOLUTE
    ../clib/microlib/printf/printf.c         0x00000000   Number         0  printfa.o ABSOLUTE
    ../clib/microlib/printf/stubs.s          0x00000000   Number         0  stubs.o ABSOLUTE
    ../clib/microlib/string/memcpy.c         0x00000000   Number         0  memcpyb.o ABSOLUTE
    ../clib/microlib/string/memcpy.c         0x00000000   Number         0  memcpya.o ABSOLUTE
    ../clib/microlib/string/strlen.c         0x00000000   Number         0  strlen.o ABSOLUTE
    ../clib/microlib/stubs.s                 0x00000000   Number         0  iusefp.o ABSOLUTE
    ../clib/microlib/stubs.s                 0x00000000   Number         0  useno.o ABSOLUTE
    ../clib/microlib/time/localtime.c        0x00000000   Number         0  localtime.o ABSOLUTE
    ../clib/microlib/time/localtime.c        0x00000000   Number         0  localtime_w.o ABSOLUTE
    ../clib/microlib/time/localtime.c        0x00000000   Number         0  localtime_i.o ABSOLUTE
    ../clib/microlib/time/mktime.c           0x00000000   Number         0  mktime.o ABSOLUTE
    ../fplib/microlib/fpadd.c                0x00000000   Number         0  dadd.o ABSOLUTE
    ../fplib/microlib/fpdiv.c                0x00000000   Number         0  ddiv.o ABSOLUTE
    ../fplib/microlib/fpepilogue.c           0x00000000   Number         0  depilogue.o ABSOLUTE
    ../fplib/microlib/fpfix.c                0x00000000   Number         0  dfixul.o ABSOLUTE
    ../fplib/microlib/fpmul.c                0x00000000   Number         0  dmul.o ABSOLUTE
    ..\..\HARDWARE\Computer\Computer.c       0x00000000   Number         0  computer.o ABSOLUTE
    ..\..\HARDWARE\FPM10\FPM10A.c            0x00000000   Number         0  fpm10a.o ABSOLUTE
    ..\..\HARDWARE\PWM\pwm_config.c          0x00000000   Number         0  pwm_config.o ABSOLUTE
    ..\..\HARDWARE\RTC\RTC_Time.c            0x00000000   Number         0  rtc_time.o ABSOLUTE
    ..\..\HARDWARE\RTC\bsp_calendar.c        0x00000000   Number         0  bsp_calendar.o ABSOLUTE
    ..\..\HARDWARE\RTC\bsp_date.c            0x00000000   Number         0  bsp_date.o ABSOLUTE
    ..\..\HARDWARE\RTC\bsp_rtc.c             0x00000000   Number         0  bsp_rtc.o ABSOLUTE
    ..\..\HARDWARE\Run\Run.c                 0x00000000   Number         0  run.o ABSOLUTE
    ..\..\HARDWARE\deal_fg\deal_fg.c         0x00000000   Number         0  deal_fg.o ABSOLUTE
    ..\..\HARDWARE\finger\finger.c           0x00000000   Number         0  finger.o ABSOLUTE
    ..\..\HARDWARE\i2c\bsp_i2c_ee.c          0x00000000   Number         0  bsp_i2c_ee.o ABSOLUTE
    ..\..\HARDWARE\i2c\bsp_i2c_gpio.c        0x00000000   Number         0  bsp_i2c_gpio.o ABSOLUTE
    ..\..\HARDWARE\key\key.c                 0x00000000   Number         0  key.o ABSOLUTE
    ..\..\HARDWARE\led\led.c                 0x00000000   Number         0  led.o ABSOLUTE
    ..\..\Libraries\CMSIS\core_cm3.c         0x00000000   Number         0  core_cm3.o ABSOLUTE
    ..\..\Libraries\CMSIS\startup\startup_stm32f10x_hd.s 0x00000000   Number         0  startup_stm32f10x_hd.o ABSOLUTE
    ..\..\Libraries\CMSIS\system_stm32f10x.c 0x00000000   Number         0  system_stm32f10x.o ABSOLUTE
    ..\..\Libraries\FWlib\src\misc.c         0x00000000   Number         0  misc.o ABSOLUTE
    ..\..\Libraries\FWlib\src\stm32f10x_adc.c 0x00000000   Number         0  stm32f10x_adc.o ABSOLUTE
    ..\..\Libraries\FWlib\src\stm32f10x_bkp.c 0x00000000   Number         0  stm32f10x_bkp.o ABSOLUTE
    ..\..\Libraries\FWlib\src\stm32f10x_can.c 0x00000000   Number         0  stm32f10x_can.o ABSOLUTE
    ..\..\Libraries\FWlib\src\stm32f10x_cec.c 0x00000000   Number         0  stm32f10x_cec.o ABSOLUTE
    ..\..\Libraries\FWlib\src\stm32f10x_crc.c 0x00000000   Number         0  stm32f10x_crc.o ABSOLUTE
    ..\..\Libraries\FWlib\src\stm32f10x_dac.c 0x00000000   Number         0  stm32f10x_dac.o ABSOLUTE
    ..\..\Libraries\FWlib\src\stm32f10x_dbgmcu.c 0x00000000   Number         0  stm32f10x_dbgmcu.o ABSOLUTE
    ..\..\Libraries\FWlib\src\stm32f10x_dma.c 0x00000000   Number         0  stm32f10x_dma.o ABSOLUTE
    ..\..\Libraries\FWlib\src\stm32f10x_exti.c 0x00000000   Number         0  stm32f10x_exti.o ABSOLUTE
    ..\..\Libraries\FWlib\src\stm32f10x_flash.c 0x00000000   Number         0  stm32f10x_flash.o ABSOLUTE
    ..\..\Libraries\FWlib\src\stm32f10x_fsmc.c 0x00000000   Number         0  stm32f10x_fsmc.o ABSOLUTE
    ..\..\Libraries\FWlib\src\stm32f10x_gpio.c 0x00000000   Number         0  stm32f10x_gpio.o ABSOLUTE
    ..\..\Libraries\FWlib\src\stm32f10x_i2c.c 0x00000000   Number         0  stm32f10x_i2c.o ABSOLUTE
    ..\..\Libraries\FWlib\src\stm32f10x_iwdg.c 0x00000000   Number         0  stm32f10x_iwdg.o ABSOLUTE
    ..\..\Libraries\FWlib\src\stm32f10x_pwr.c 0x00000000   Number         0  stm32f10x_pwr.o ABSOLUTE
    ..\..\Libraries\FWlib\src\stm32f10x_rcc.c 0x00000000   Number         0  stm32f10x_rcc.o ABSOLUTE
    ..\..\Libraries\FWlib\src\stm32f10x_rtc.c 0x00000000   Number         0  stm32f10x_rtc.o ABSOLUTE
    ..\..\Libraries\FWlib\src\stm32f10x_sdio.c 0x00000000   Number         0  stm32f10x_sdio.o ABSOLUTE
    ..\..\Libraries\FWlib\src\stm32f10x_spi.c 0x00000000   Number         0  stm32f10x_spi.o ABSOLUTE
    ..\..\Libraries\FWlib\src\stm32f10x_tim.c 0x00000000   Number         0  stm32f10x_tim.o ABSOLUTE
    ..\..\Libraries\FWlib\src\stm32f10x_usart.c 0x00000000   Number         0  stm32f10x_usart.o ABSOLUTE
    ..\..\Libraries\FWlib\src\stm32f10x_wwdg.c 0x00000000   Number         0  stm32f10x_wwdg.o ABSOLUTE
    ..\..\SYSTEM\delay\delay.c               0x00000000   Number         0  delay.o ABSOLUTE
    ..\..\SYSTEM\sys\sys.c                   0x00000000   Number         0  sys.o ABSOLUTE
    ..\..\SYSTEM\usart2\usart1.c             0x00000000   Number         0  usart1.o ABSOLUTE
    ..\..\SYSTEM\usart2\usart4.c             0x00000000   Number         0  usart4.o ABSOLUTE
    ..\..\SYSTEM\usart2\usart5.c             0x00000000   Number         0  usart5.o ABSOLUTE
    ..\..\SYSTEM\usart\usart.c               0x00000000   Number         0  usart.o ABSOLUTE
    ..\..\User\main.c                        0x00000000   Number         0  main.o ABSOLUTE
    ..\..\User\stm32f10x_it.c                0x00000000   Number         0  stm32f10x_it.o ABSOLUTE
    ..\\..\\Libraries\\CMSIS\\core_cm3.c     0x00000000   Number         0  core_cm3.o ABSOLUTE
    ..\\..\\SYSTEM\\sys\\sys.c               0x00000000   Number         0  sys.o ABSOLUTE
    cdrcmple.s                               0x00000000   Number         0  cdrcmple.o ABSOLUTE
    dc.s                                     0x00000000   Number         0  dc.o ABSOLUTE
    handlers.s                               0x00000000   Number         0  handlers.o ABSOLUTE
    init.s                                   0x00000000   Number         0  init.o ABSOLUTE
    RESET                                    0x08000000   Section      304  startup_stm32f10x_hd.o(RESET)
    .ARM.Collect$$$$00000000                 0x08000130   Section        0  entry.o(.ARM.Collect$$$$00000000)
    .ARM.Collect$$$$00000001                 0x08000130   Section        4  entry2.o(.ARM.Collect$$$$00000001)
    .ARM.Collect$$$$00000004                 0x08000134   Section        4  entry5.o(.ARM.Collect$$$$00000004)
    .ARM.Collect$$$$00000008                 0x08000138   Section        0  entry7b.o(.ARM.Collect$$$$00000008)
    .ARM.Collect$$$$0000000A                 0x08000138   Section        0  entry8b.o(.ARM.Collect$$$$0000000A)
    .ARM.Collect$$$$0000000B                 0x08000138   Section        8  entry9a.o(.ARM.Collect$$$$0000000B)
    .ARM.Collect$$$$0000000D                 0x08000140   Section        0  entry10a.o(.ARM.Collect$$$$0000000D)
    .ARM.Collect$$$$0000000F                 0x08000140   Section        0  entry11a.o(.ARM.Collect$$$$0000000F)
    .ARM.Collect$$$$00002712                 0x08000140   Section        4  entry2.o(.ARM.Collect$$$$00002712)
    __lit__00000000                          0x08000140   Data           4  entry2.o(.ARM.Collect$$$$00002712)
    .text                                    0x08000144   Section        0  main.o(.text)
    .text                                    0x080002bc   Section        0  stm32f10x_it.o(.text)
    .text                                    0x080002fc   Section        0  system_stm32f10x.o(.text)
    SetSysClockTo72                          0x080002fd   Thumb Code   214  system_stm32f10x.o(.text)
    SetSysClock                              0x080003d3   Thumb Code     8  system_stm32f10x.o(.text)
    .text                                    0x080004dc   Section        0  computer.o(.text)
    .text                                    0x08000a64   Section        0  deal_fg.o(.text)
    .text                                    0x0800112c   Section        0  fpm10a.o(.text)
    .text                                    0x08001400   Section        0  bsp_i2c_ee.o(.text)
    ee_Delay                                 0x0800153f   Thumb Code    18  bsp_i2c_ee.o(.text)
    .text                                    0x080016ec   Section        0  bsp_i2c_gpio.o(.text)
    i2c_Delay                                0x080016ed   Thumb Code    14  bsp_i2c_gpio.o(.text)
    i2c_CfgGpio                              0x08001857   Thumb Code    44  bsp_i2c_gpio.o(.text)
    .text                                    0x080018a8   Section        0  key.o(.text)
    .text                                    0x080018e8   Section        0  led.o(.text)
    .text                                    0x08001934   Section        0  pwm_config.o(.text)
    .text                                    0x080019fc   Section        0  bsp_calendar.o(.text)
    .text                                    0x08002080   Section        0  bsp_date.o(.text)
    .text                                    0x08002260   Section        0  bsp_rtc.o(.text)
    USART_Scanf                              0x0800228b   Thumb Code   110  bsp_rtc.o(.text)
    .text                                    0x080029e4   Section        0  run.o(.text)
    .text                                    0x08002a84   Section        0  finger.o(.text)
    .text                                    0x08002ad8   Section        0  misc.o(.text)
    .text                                    0x08002bb4   Section        0  stm32f10x_bkp.o(.text)
    .text                                    0x08002c78   Section        0  stm32f10x_gpio.o(.text)
    .text                                    0x08002fd4   Section        0  stm32f10x_pwr.o(.text)
    .text                                    0x080030a0   Section        0  stm32f10x_rcc.o(.text)
    .text                                    0x08003444   Section        0  stm32f10x_rtc.o(.text)
    .text                                    0x0800358c   Section        0  stm32f10x_tim.o(.text)
    TI4_Config                               0x08003a33   Thumb Code   130  stm32f10x_tim.o(.text)
    TI3_Config                               0x08003ac7   Thumb Code   122  stm32f10x_tim.o(.text)
    TI2_Config                               0x08003b5b   Thumb Code   130  stm32f10x_tim.o(.text)
    TI1_Config                               0x08003bef   Thumb Code   108  stm32f10x_tim.o(.text)
    .text                                    0x080043a8   Section        0  stm32f10x_usart.o(.text)
    .text                                    0x080047b0   Section       36  startup_stm32f10x_hd.o(.text)
    .text                                    0x080047d4   Section        0  delay.o(.text)
    .text                                    0x080048a8   Section        0  usart.o(.text)
    .text                                    0x08004980   Section        0  usart1.o(.text)
    .text                                    0x08004c70   Section        0  usart5.o(.text)
    .text                                    0x08004e68   Section        0  usart4.o(.text)
    .text                                    0x08005060   Section        0  mktime.o(.text)
    .text                                    0x08005108   Section        0  memcpya.o(.text)
    .text                                    0x0800512c   Section        0  strlen.o(.text)
    .text                                    0x0800513a   Section        0  uldiv.o(.text)
    .text                                    0x0800519c   Section        0  localtime_i.o(.text)
    .text                                    0x08005228   Section       36  init.o(.text)
    .text                                    0x0800524c   Section        0  llshl.o(.text)
    .text                                    0x0800526a   Section        0  llushr.o(.text)
    .text                                    0x0800528a   Section        0  __dczerorl2.o(.text)
    i.__0printf$8                            0x080052e0   Section        0  printf8.o(i.__0printf$8)
    i.__scatterload_copy                     0x08005300   Section       14  handlers.o(i.__scatterload_copy)
    i.__scatterload_null                     0x0800530e   Section        2  handlers.o(i.__scatterload_null)
    i.__scatterload_zeroinit                 0x08005310   Section       14  handlers.o(i.__scatterload_zeroinit)
    i._printf_core                           0x08005320   Section        0  printf8.o(i._printf_core)
    _printf_core                             0x08005321   Thumb Code   996  printf8.o(i._printf_core)
    i._printf_post_padding                   0x08005730   Section        0  printf8.o(i._printf_post_padding)
    _printf_post_padding                     0x08005731   Thumb Code    36  printf8.o(i._printf_post_padding)
    i._printf_pre_padding                    0x08005754   Section        0  printf8.o(i._printf_pre_padding)
    _printf_pre_padding                      0x08005755   Thumb Code    46  printf8.o(i._printf_pre_padding)
    .constdata                               0x08005782   Section      814  bsp_calendar.o(.constdata)
    MonthDayMax                              0x08005aa4   Data          12  bsp_calendar.o(.constdata)
    .constdata                               0x08005ab0   Section       48  bsp_date.o(.constdata)
    .constdata                               0x08005ae0   Section       12  mktime.o(.constdata)
    monlen                                   0x08005ae0   Data          12  mktime.o(.constdata)
    .constdata                               0x08005aec   Section       12  localtime_i.o(.constdata)
    monlen                                   0x08005aec   Data          12  localtime_i.o(.constdata)
    .conststring                             0x08005af8   Section      335  bsp_calendar.o(.conststring)
    .conststring                             0x08005c48   Section      131  bsp_rtc.o(.conststring)
    .data                                    0x20000000   Section       48  main.o(.data)
    .data                                    0x20000030   Section       20  system_stm32f10x.o(.data)
    .data                                    0x20000044   Section       11  computer.o(.data)
    .data                                    0x20000050   Section      104  deal_fg.o(.data)
    .data                                    0x200000b8   Section      100  fpm10a.o(.data)
    .data                                    0x2000011c   Section      248  bsp_calendar.o(.data)
    .data                                    0x20000214   Section       48  bsp_date.o(.data)
    month_days                               0x20000214   Data          48  bsp_date.o(.data)
    .data                                    0x20000244   Section       96  bsp_rtc.o(.data)
    FirstDisplay                             0x2000029c   Data           4  bsp_rtc.o(.data)
    FirstDisplay                             0x200002a0   Data           4  bsp_rtc.o(.data)
    .data                                    0x200002a4   Section        2  run.o(.data)
    .data                                    0x200002a6   Section       20  stm32f10x_rcc.o(.data)
    APBAHBPrescTable                         0x200002a6   Data          16  stm32f10x_rcc.o(.data)
    ADCPrescTable                            0x200002b6   Data           4  stm32f10x_rcc.o(.data)
    .data                                    0x200002ba   Section        4  delay.o(.data)
    fac_us                                   0x200002ba   Data           1  delay.o(.data)
    fac_ms                                   0x200002bc   Data           2  delay.o(.data)
    .data                                    0x200002c0   Section        6  usart.o(.data)
    .data                                    0x200002c6   Section        3  usart1.o(.data)
    .data                                    0x200002cc   Section        4  usart5.o(.data)
    RX_SIZ                                   0x200002cc   Data           4  usart5.o(.data)
    .data                                    0x200002d0   Section        5  usart4.o(.data)
    RX_SIZ                                   0x200002d0   Data           4  usart4.o(.data)
    .bss                                     0x200002d8   Section       99  main.o(.bss)
    .bss                                     0x2000033c   Section      266  computer.o(.bss)
    .bss                                     0x20000446   Section       42  fpm10a.o(.bss)
    .bss                                     0x20000470   Section       45  usart1.o(.bss)
    .bss                                     0x2000049d   Section      200  usart5.o(.bss)
    RX_BUFF                                  0x2000049d   Data         200  usart5.o(.bss)
    .bss                                     0x20000565   Section       22  usart4.o(.bss)
    RX_BUFF                                  0x20000565   Data          11  usart4.o(.bss)
    STACK                                    0x20000580   Section     1024  startup_stm32f10x_hd.o(STACK)

    Global Symbols

    Symbol Name                              Value     Ov Type        Size  Object(Section)

    BuildAttributes$$THM_ISAv4$P$D$K$B$S$PE$A:L22UL41UL21$X:L11$S22US41US21$IEEE1$IW$USESV6$~STKCKD$USESV7$~SHL$OSPACE$ROPI$EBA8$MICROLIB$REQ8$PRES8$EABIv2 0x00000000   Number         0  anon$$obj.o ABSOLUTE
    __ARM_use_no_argv                        0x00000000   Number         0  main.o ABSOLUTE
    __use_no_errno                           0x00000000   Number         0  useno.o ABSOLUTE
    __use_no_exception_handling              0x00000000   Number         0  useno.o ABSOLUTE
    __use_no_fp                              0x00000000   Number         0  useno.o ABSOLUTE
    __use_no_heap                            0x00000000   Number         0  useno.o ABSOLUTE
    __use_no_heap_region                     0x00000000   Number         0  useno.o ABSOLUTE
    __use_no_semihosting                     0x00000000   Number         0  useno.o ABSOLUTE
    __use_no_semihosting_swi                 0x00000000   Number         0  useno.o ABSOLUTE
    __use_no_signal_handling                 0x00000000   Number         0  useno.o ABSOLUTE
    _printf_a                                0x00000000   Number         0  stubs.o ABSOLUTE
    _printf_c                                0x00000000   Number         0  stubs.o ABSOLUTE
    _printf_charcount                        0x00000000   Number         0  stubs.o ABSOLUTE
    _printf_d                                0x00000000   Number         0  stubs.o ABSOLUTE
    _printf_e                                0x00000000   Number         0  stubs.o ABSOLUTE
    _printf_f                                0x00000000   Number         0  stubs.o ABSOLUTE
    _printf_flags                            0x00000000   Number         0  stubs.o ABSOLUTE
    _printf_fp_dec                           0x00000000   Number         0  stubs.o ABSOLUTE
    _printf_fp_hex                           0x00000000   Number         0  stubs.o ABSOLUTE
    _printf_g                                0x00000000   Number         0  stubs.o ABSOLUTE
    _printf_i                                0x00000000   Number         0  stubs.o ABSOLUTE
    _printf_int_dec                          0x00000000   Number         0  stubs.o ABSOLUTE
    _printf_l                                0x00000000   Number         0  stubs.o ABSOLUTE
    _printf_lc                               0x00000000   Number         0  stubs.o ABSOLUTE
    _printf_ll                               0x00000000   Number         0  stubs.o ABSOLUTE
    _printf_lld                              0x00000000   Number         0  stubs.o ABSOLUTE
    _printf_lli                              0x00000000   Number         0  stubs.o ABSOLUTE
    _printf_llo                              0x00000000   Number         0  stubs.o ABSOLUTE
    _printf_llu                              0x00000000   Number         0  stubs.o ABSOLUTE
    _printf_llx                              0x00000000   Number         0  stubs.o ABSOLUTE
    _printf_longlong_dec                     0x00000000   Number         0  stubs.o ABSOLUTE
    _printf_longlong_hex                     0x00000000   Number         0  stubs.o ABSOLUTE
    _printf_longlong_oct                     0x00000000   Number         0  stubs.o ABSOLUTE
    _printf_ls                               0x00000000   Number         0  stubs.o ABSOLUTE
    _printf_mbtowc                           0x00000000   Number         0  stubs.o ABSOLUTE
    _printf_n                                0x00000000   Number         0  stubs.o ABSOLUTE
    _printf_o                                0x00000000   Number         0  stubs.o ABSOLUTE
    _printf_p                                0x00000000   Number         0  stubs.o ABSOLUTE
    _printf_percent                          0x00000000   Number         0  stubs.o ABSOLUTE
    _printf_pre_padding                      0x00000000   Number         0  stubs.o ABSOLUTE
    _printf_return_value                     0x00000000   Number         0  stubs.o ABSOLUTE
    _printf_s                                0x00000000   Number         0  stubs.o ABSOLUTE
    _printf_sizespec                         0x00000000   Number         0  stubs.o ABSOLUTE
    _printf_str                              0x00000000   Number         0  stubs.o ABSOLUTE
    _printf_truncate_signed                  0x00000000   Number         0  stubs.o ABSOLUTE
    _printf_truncate_unsigned                0x00000000   Number         0  stubs.o ABSOLUTE
    _printf_u                                0x00000000   Number         0  stubs.o ABSOLUTE
    _printf_wc                               0x00000000   Number         0  stubs.o ABSOLUTE
    _printf_wctomb                           0x00000000   Number         0  stubs.o ABSOLUTE
    _printf_widthprec                        0x00000000   Number         0  stubs.o ABSOLUTE
    _printf_x                                0x00000000   Number         0  stubs.o ABSOLUTE
    __cpp_initialize__aeabi_                  - Undefined Weak Reference
    __cxa_finalize                            - Undefined Weak Reference
    _clock_init                               - Undefined Weak Reference
    _microlib_exit                            - Undefined Weak Reference
    __Vectors_Size                           0x00000130   Number         0  startup_stm32f10x_hd.o ABSOLUTE
    __Vectors                                0x08000000   Data           4  startup_stm32f10x_hd.o(RESET)
    __Vectors_End                            0x08000130   Data           0  startup_stm32f10x_hd.o(RESET)
    __main                                   0x08000131   Thumb Code     0  entry.o(.ARM.Collect$$$$00000000)
    _main_stk                                0x08000131   Thumb Code     0  entry2.o(.ARM.Collect$$$$00000001)
    _main_scatterload                        0x08000135   Thumb Code     0  entry5.o(.ARM.Collect$$$$00000004)
    __main_after_scatterload                 0x08000139   Thumb Code     0  entry5.o(.ARM.Collect$$$$00000004)
    _main_clock                              0x08000139   Thumb Code     0  entry7b.o(.ARM.Collect$$$$00000008)
    _main_cpp_init                           0x08000139   Thumb Code     0  entry8b.o(.ARM.Collect$$$$0000000A)
    _main_init                               0x08000139   Thumb Code     0  entry9a.o(.ARM.Collect$$$$0000000B)
    __rt_final_cpp                           0x08000141   Thumb Code     0  entry10a.o(.ARM.Collect$$$$0000000D)
    __rt_final_exit                          0x08000141   Thumb Code     0  entry11a.o(.ARM.Collect$$$$0000000F)
    main                                     0x08000145   Thumb Code   314  main.o(.text)
    NMI_Handler                              0x080002bd   Thumb Code     2  stm32f10x_it.o(.text)
    RTC_IRQHandler                           0x080002bf   Thumb Code    22  stm32f10x_it.o(.text)
    HardFault_Handler                        0x080002d5   Thumb Code     4  stm32f10x_it.o(.text)
    MemManage_Handler                        0x080002d9   Thumb Code     4  stm32f10x_it.o(.text)
    BusFault_Handler                         0x080002dd   Thumb Code     4  stm32f10x_it.o(.text)
    UsageFault_Handler                       0x080002e1   Thumb Code     4  stm32f10x_it.o(.text)
    SVC_Handler                              0x080002e5   Thumb Code     2  stm32f10x_it.o(.text)
    DebugMon_Handler                         0x080002e7   Thumb Code     2  stm32f10x_it.o(.text)
    PendSV_Handler                           0x080002e9   Thumb Code     2  stm32f10x_it.o(.text)
    SysTick_Handler                          0x080002eb   Thumb Code    18  stm32f10x_it.o(.text)
    SystemInit                               0x080003db   Thumb Code    78  system_stm32f10x.o(.text)
    SystemCoreClockUpdate                    0x08000429   Thumb Code   142  system_stm32f10x.o(.text)
    Allow_yan                                0x080004dd   Thumb Code    92  computer.o(.text)
    Join_in                                  0x08000539   Thumb Code   306  computer.o(.text)
    Delete_P                                 0x0800066b   Thumb Code   230  computer.o(.text)
    Delete_ALL                               0x08000751   Thumb Code    44  computer.o(.text)
    Cortrol                                  0x0800077d   Thumb Code   140  computer.o(.text)
    Send_Zigbee                              0x08000809   Thumb Code   278  computer.o(.text)
    Reser                                    0x0800091f   Thumb Code   302  computer.o(.text)
    Cleck_Password                           0x08000a65   Thumb Code    48  deal_fg.o(.text)
    Add_New_FG                               0x08000a95   Thumb Code   162  deal_fg.o(.text)
    change                                   0x08000b37   Thumb Code   142  deal_fg.o(.text)
    Allow_going                              0x08000bc5   Thumb Code  1254  deal_fg.o(.text)
    Delete_FG                                0x080010ab   Thumb Code    50  deal_fg.o(.text)
    Add_Time                                 0x080010dd   Thumb Code    10  deal_fg.o(.text)
    FINGERPRINT_Cmd_Get_Img                  0x0800112d   Thumb Code    48  fpm10a.o(.text)
    test_fig                                 0x0800115d   Thumb Code    20  fpm10a.o(.text)
    FINGERPRINT_Cmd_Img_To_Buffer1           0x08001171   Thumb Code    48  fpm10a.o(.text)
    FINGERPRINT_Cmd_Img_To_Buffer2           0x080011a1   Thumb Code    48  fpm10a.o(.text)
    FINGERPRINT_duibi                        0x080011d1   Thumb Code    48  fpm10a.o(.text)
    FINGERPRINT_Cmd_Reg_Model                0x08001201   Thumb Code    48  fpm10a.o(.text)
    FINGERPRINT_Cmd_Delete_All_Model         0x08001231   Thumb Code    48  fpm10a.o(.text)
    FINGERPRINT_Cmd_Delete_Model             0x08001261   Thumb Code    96  fpm10a.o(.text)
    FINGERPRINT_Cmd_Get_Templete_Num         0x080012c1   Thumb Code    44  fpm10a.o(.text)
    FINGERPRINT_Cmd_Search_Finger            0x080012ed   Thumb Code    48  fpm10a.o(.text)
    FINGERPRINT_Cmd_Search_Finger_Admin      0x0800131d   Thumb Code    48  fpm10a.o(.text)
    FINGERPRINT_Cmd_Save_Finger              0x0800134d   Thumb Code    90  fpm10a.o(.text)
    FINGERPRINT_Recevice_Data                0x080013a7   Thumb Code    28  fpm10a.o(.text)
    ee_CheckOk                               0x08001401   Thumb Code    22  bsp_i2c_ee.o(.text)
    ee_ReadBytes                             0x08001417   Thumb Code   112  bsp_i2c_ee.o(.text)
    ee_WriteBytes                            0x08001487   Thumb Code   128  bsp_i2c_ee.o(.text)
    ee_Erase                                 0x08001507   Thumb Code    56  bsp_i2c_ee.o(.text)
    ee_Test                                  0x08001551   Thumb Code   180  bsp_i2c_ee.o(.text)
    i2c_Start                                0x080016fb   Thumb Code    42  bsp_i2c_gpio.o(.text)
    i2c_Stop                                 0x08001725   Thumb Code    28  bsp_i2c_gpio.o(.text)
    i2c_SendByte                             0x08001741   Thumb Code    80  bsp_i2c_gpio.o(.text)
    i2c_ReadByte                             0x08001791   Thumb Code    62  bsp_i2c_gpio.o(.text)
    i2c_WaitAck                              0x080017cf   Thumb Code    56  bsp_i2c_gpio.o(.text)
    i2c_Ack                                  0x08001807   Thumb Code    44  bsp_i2c_gpio.o(.text)
    i2c_NAck                                 0x08001833   Thumb Code    36  bsp_i2c_gpio.o(.text)
    i2c_CheckDevice                          0x08001883   Thumb Code    32  bsp_i2c_gpio.o(.text)
    KEY_Init                                 0x080018a9   Thumb Code    34  key.o(.text)
    KEY_Scand                                0x080018cb   Thumb Code    22  key.o(.text)
    LED_Init                                 0x080018e9   Thumb Code    68  led.o(.text)
    gpio_config                              0x08001935   Thumb Code    46  pwm_config.o(.text)
    timebase_config                          0x08001963   Thumb Code   132  pwm_config.o(.text)
    pwm_config                               0x080019e7   Thumb Code    12  pwm_config.o(.text)
    GetMoonDay                               0x080019fd   Thumb Code   282  bsp_calendar.o(.text)
    GetChinaCalendar                         0x08001b17   Thumb Code   506  bsp_calendar.o(.text)
    GetSkyEarth                              0x08001d11   Thumb Code    56  bsp_calendar.o(.text)
    StrCopy                                  0x08001d49   Thumb Code    24  bsp_calendar.o(.text)
    GetChinaCalendarStr                      0x08001d61   Thumb Code   296  bsp_calendar.o(.text)
    GetJieQi                                 0x08001e89   Thumb Code   158  bsp_calendar.o(.text)
    GetJieQiStr                              0x08001f27   Thumb Code   300  bsp_calendar.o(.text)
    GregorianDay                             0x08002081   Thumb Code   146  bsp_date.o(.text)
    mktimev                                  0x08002113   Thumb Code   124  bsp_date.o(.text)
    to_tm                                    0x0800218f   Thumb Code   194  bsp_date.o(.text)
    RTC_NVIC_Config                          0x08002261   Thumb Code    42  bsp_rtc.o(.text)
    Time_Regulate                            0x080022f9   Thumb Code   238  bsp_rtc.o(.text)
    Time_Adjust                              0x080023e7   Thumb Code    38  bsp_rtc.o(.text)
    RTC_Configuration                        0x0800240d   Thumb Code    88  bsp_rtc.o(.text)
    RTC_CheckAndConfig                       0x08002465   Thumb Code   110  bsp_rtc.o(.text)
    Time_Display                             0x080024d3   Thumb Code  1026  bsp_rtc.o(.text)
    Time_Show                                0x080028d5   Thumb Code    18  bsp_rtc.o(.text)
    Time_Display1                            0x080028e7   Thumb Code   202  bsp_rtc.o(.text)
    Time_Show1                               0x080029b1   Thumb Code    32  bsp_rtc.o(.text)
    Up_down                                  0x080029e5   Thumb Code    48  run.o(.text)
    R_L                                      0x08002a15   Thumb Code    48  run.o(.text)
    Config                                   0x08002a45   Thumb Code    20  run.o(.text)
    Run                                      0x08002a59   Thumb Code    32  run.o(.text)
    Add_FG                                   0x08002a85   Thumb Code    48  finger.o(.text)
    cleck_FG                                 0x08002ab5   Thumb Code    34  finger.o(.text)
    NVIC_PriorityGroupConfig                 0x08002ad9   Thumb Code    10  misc.o(.text)
    NVIC_Init                                0x08002ae3   Thumb Code   100  misc.o(.text)
    NVIC_SetVectorTable                      0x08002b47   Thumb Code    14  misc.o(.text)
    NVIC_SystemLPConfig                      0x08002b55   Thumb Code    34  misc.o(.text)
    SysTick_CLKSourceConfig                  0x08002b77   Thumb Code    40  misc.o(.text)
    BKP_DeInit                               0x08002bb5   Thumb Code    16  stm32f10x_bkp.o(.text)
    BKP_TamperPinLevelConfig                 0x08002bc5   Thumb Code     6  stm32f10x_bkp.o(.text)
    BKP_TamperPinCmd                         0x08002bcb   Thumb Code     8  stm32f10x_bkp.o(.text)
    BKP_ITConfig                             0x08002bd3   Thumb Code     8  stm32f10x_bkp.o(.text)
    BKP_RTCOutputConfig                      0x08002bdb   Thumb Code    22  stm32f10x_bkp.o(.text)
    BKP_SetRTCCalibrationValue               0x08002bf1   Thumb Code    22  stm32f10x_bkp.o(.text)
    BKP_WriteBackupRegister                  0x08002c07   Thumb Code    24  stm32f10x_bkp.o(.text)
    BKP_ReadBackupRegister                   0x08002c1f   Thumb Code    26  stm32f10x_bkp.o(.text)
    BKP_GetFlagStatus                        0x08002c39   Thumb Code    10  stm32f10x_bkp.o(.text)
    BKP_ClearFlag                            0x08002c43   Thumb Code    18  stm32f10x_bkp.o(.text)
    BKP_GetITStatus                          0x08002c55   Thumb Code    10  stm32f10x_bkp.o(.text)
    BKP_ClearITPendingBit                    0x08002c5f   Thumb Code    18  stm32f10x_bkp.o(.text)
    GPIO_DeInit                              0x08002c79   Thumb Code   172  stm32f10x_gpio.o(.text)
    GPIO_AFIODeInit                          0x08002d25   Thumb Code    20  stm32f10x_gpio.o(.text)
    GPIO_Init                                0x08002d39   Thumb Code   278  stm32f10x_gpio.o(.text)
    GPIO_StructInit                          0x08002e4f   Thumb Code    16  stm32f10x_gpio.o(.text)
    GPIO_ReadInputDataBit                    0x08002e5f   Thumb Code    18  stm32f10x_gpio.o(.text)
    GPIO_ReadInputData                       0x08002e71   Thumb Code     8  stm32f10x_gpio.o(.text)
    GPIO_ReadOutputDataBit                   0x08002e79   Thumb Code    18  stm32f10x_gpio.o(.text)
    GPIO_ReadOutputData                      0x08002e8b   Thumb Code     8  stm32f10x_gpio.o(.text)
    GPIO_SetBits                             0x08002e93   Thumb Code     4  stm32f10x_gpio.o(.text)
    GPIO_ResetBits                           0x08002e97   Thumb Code     4  stm32f10x_gpio.o(.text)
    GPIO_WriteBit                            0x08002e9b   Thumb Code    10  stm32f10x_gpio.o(.text)
    GPIO_Write                               0x08002ea5   Thumb Code     4  stm32f10x_gpio.o(.text)
    GPIO_PinLockConfig                       0x08002ea9   Thumb Code    18  stm32f10x_gpio.o(.text)
    GPIO_EventOutputConfig                   0x08002ebb   Thumb Code    26  stm32f10x_gpio.o(.text)
    GPIO_EventOutputCmd                      0x08002ed5   Thumb Code     6  stm32f10x_gpio.o(.text)
    GPIO_PinRemapConfig                      0x08002edb   Thumb Code   138  stm32f10x_gpio.o(.text)
    GPIO_EXTILineConfig                      0x08002f65   Thumb Code    66  stm32f10x_gpio.o(.text)
    GPIO_ETH_MediaInterfaceConfig            0x08002fa7   Thumb Code     8  stm32f10x_gpio.o(.text)
    PWR_DeInit                               0x08002fd5   Thumb Code    22  stm32f10x_pwr.o(.text)
    PWR_BackupAccessCmd                      0x08002feb   Thumb Code     6  stm32f10x_pwr.o(.text)
    PWR_PVDCmd                               0x08002ff1   Thumb Code     6  stm32f10x_pwr.o(.text)
    PWR_PVDLevelConfig                       0x08002ff7   Thumb Code    18  stm32f10x_pwr.o(.text)
    PWR_WakeUpPinCmd                         0x08003009   Thumb Code     8  stm32f10x_pwr.o(.text)
    PWR_EnterSTOPMode                        0x08003011   Thumb Code    54  stm32f10x_pwr.o(.text)
    PWR_EnterSTANDBYMode                     0x08003047   Thumb Code    42  stm32f10x_pwr.o(.text)
    PWR_GetFlagStatus                        0x08003071   Thumb Code    20  stm32f10x_pwr.o(.text)
    PWR_ClearFlag                            0x08003085   Thumb Code    14  stm32f10x_pwr.o(.text)
    RCC_DeInit                               0x080030a1   Thumb Code    64  stm32f10x_rcc.o(.text)
    RCC_HSEConfig                            0x080030e1   Thumb Code    70  stm32f10x_rcc.o(.text)
    RCC_GetFlagStatus                        0x08003127   Thumb Code    56  stm32f10x_rcc.o(.text)
    RCC_WaitForHSEStartUp                    0x0800315f   Thumb Code    56  stm32f10x_rcc.o(.text)
    RCC_AdjustHSICalibrationValue            0x08003197   Thumb Code    20  stm32f10x_rcc.o(.text)
    RCC_HSICmd                               0x080031ab   Thumb Code     6  stm32f10x_rcc.o(.text)
    RCC_PLLConfig                            0x080031b1   Thumb Code    24  stm32f10x_rcc.o(.text)
    RCC_PLLCmd                               0x080031c9   Thumb Code     6  stm32f10x_rcc.o(.text)
    RCC_SYSCLKConfig                         0x080031cf   Thumb Code    18  stm32f10x_rcc.o(.text)
    RCC_GetSYSCLKSource                      0x080031e1   Thumb Code    10  stm32f10x_rcc.o(.text)
    RCC_HCLKConfig                           0x080031eb   Thumb Code    18  stm32f10x_rcc.o(.text)
    RCC_PCLK1Config                          0x080031fd   Thumb Code    18  stm32f10x_rcc.o(.text)
    RCC_PCLK2Config                          0x0800320f   Thumb Code    20  stm32f10x_rcc.o(.text)
    RCC_ITConfig                             0x08003223   Thumb Code    26  stm32f10x_rcc.o(.text)
    RCC_USBCLKConfig                         0x0800323d   Thumb Code     8  stm32f10x_rcc.o(.text)
    RCC_ADCCLKConfig                         0x08003245   Thumb Code    18  stm32f10x_rcc.o(.text)
    RCC_LSEConfig                            0x08003257   Thumb Code    50  stm32f10x_rcc.o(.text)
    RCC_LSICmd                               0x08003289   Thumb Code     6  stm32f10x_rcc.o(.text)
    RCC_RTCCLKConfig                         0x0800328f   Thumb Code    12  stm32f10x_rcc.o(.text)
    RCC_RTCCLKCmd                            0x0800329b   Thumb Code     8  stm32f10x_rcc.o(.text)
    RCC_GetClocksFreq                        0x080032a3   Thumb Code   192  stm32f10x_rcc.o(.text)
    RCC_AHBPeriphClockCmd                    0x08003363   Thumb Code    26  stm32f10x_rcc.o(.text)
    RCC_APB2PeriphClockCmd                   0x0800337d   Thumb Code    26  stm32f10x_rcc.o(.text)
    RCC_APB1PeriphClockCmd                   0x08003397   Thumb Code    26  stm32f10x_rcc.o(.text)
    RCC_APB2PeriphResetCmd                   0x080033b1   Thumb Code    26  stm32f10x_rcc.o(.text)
    RCC_APB1PeriphResetCmd                   0x080033cb   Thumb Code    26  stm32f10x_rcc.o(.text)
    RCC_BackupResetCmd                       0x080033e5   Thumb Code     8  stm32f10x_rcc.o(.text)
    RCC_ClockSecuritySystemCmd               0x080033ed   Thumb Code     6  stm32f10x_rcc.o(.text)
    RCC_MCOConfig                            0x080033f3   Thumb Code     6  stm32f10x_rcc.o(.text)
    RCC_ClearFlag                            0x080033f9   Thumb Code    14  stm32f10x_rcc.o(.text)
    RCC_GetITStatus                          0x08003407   Thumb Code    20  stm32f10x_rcc.o(.text)
    RCC_ClearITPendingBit                    0x0800341b   Thumb Code     6  stm32f10x_rcc.o(.text)
    RTC_ITConfig                             0x08003445   Thumb Code    26  stm32f10x_rtc.o(.text)
    RTC_EnterConfigMode                      0x0800345f   Thumb Code    18  stm32f10x_rtc.o(.text)
    RTC_ExitConfigMode                       0x08003471   Thumb Code    20  stm32f10x_rtc.o(.text)
    RTC_GetCounter                           0x08003485   Thumb Code    18  stm32f10x_rtc.o(.text)
    RTC_SetCounter                           0x08003497   Thumb Code    26  stm32f10x_rtc.o(.text)
    RTC_SetPrescaler                         0x080034b1   Thumb Code    28  stm32f10x_rtc.o(.text)
    RTC_SetAlarm                             0x080034cd   Thumb Code    26  stm32f10x_rtc.o(.text)
    RTC_GetDivider                           0x080034e7   Thumb Code    22  stm32f10x_rtc.o(.text)
    RTC_WaitForLastTask                      0x080034fd   Thumb Code    18  stm32f10x_rtc.o(.text)
    RTC_WaitForSynchro                       0x0800350f   Thumb Code    36  stm32f10x_rtc.o(.text)
    RTC_GetFlagStatus                        0x08003533   Thumb Code    22  stm32f10x_rtc.o(.text)
    RTC_ClearFlag                            0x08003549   Thumb Code    16  stm32f10x_rtc.o(.text)
    RTC_GetITStatus                          0x08003559   Thumb Code    32  stm32f10x_rtc.o(.text)
    RTC_ClearITPendingBit                    0x08003579   Thumb Code    16  stm32f10x_rtc.o(.text)
    TIM_DeInit                               0x0800358d   Thumb Code   424  stm32f10x_tim.o(.text)
    TIM_TimeBaseInit                         0x08003735   Thumb Code   122  stm32f10x_tim.o(.text)
    TIM_OC1Init                              0x080037af   Thumb Code   132  stm32f10x_tim.o(.text)
    TIM_OC2Init                              0x08003833   Thumb Code   154  stm32f10x_tim.o(.text)
    TIM_OC3Init                              0x080038cd   Thumb Code   150  stm32f10x_tim.o(.text)
    TIM_OC4Init                              0x08003963   Thumb Code   182  stm32f10x_tim.o(.text)
    TIM_SetIC4Prescaler                      0x08003a19   Thumb Code    26  stm32f10x_tim.o(.text)
    TIM_SetIC3Prescaler                      0x08003ab5   Thumb Code    18  stm32f10x_tim.o(.text)
    TIM_SetIC2Prescaler                      0x08003b41   Thumb Code    26  stm32f10x_tim.o(.text)
    TIM_SetIC1Prescaler                      0x08003bdd   Thumb Code    18  stm32f10x_tim.o(.text)
    TIM_ICInit                               0x08003c5b   Thumb Code   150  stm32f10x_tim.o(.text)
    TIM_PWMIConfig                           0x08003cf1   Thumb Code   124  stm32f10x_tim.o(.text)
    TIM_BDTRConfig                           0x08003d6d   Thumb Code    32  stm32f10x_tim.o(.text)
    TIM_TimeBaseStructInit                   0x08003d8d   Thumb Code    18  stm32f10x_tim.o(.text)
    TIM_OCStructInit                         0x08003d9f   Thumb Code    20  stm32f10x_tim.o(.text)
    TIM_ICStructInit                         0x08003db3   Thumb Code    18  stm32f10x_tim.o(.text)
    TIM_BDTRStructInit                       0x08003dc5   Thumb Code    40  stm32f10x_tim.o(.text)
    TIM_Cmd                                  0x08003ded   Thumb Code    24  stm32f10x_tim.o(.text)
    TIM_CtrlPWMOutputs                       0x08003e05   Thumb Code    30  stm32f10x_tim.o(.text)
    TIM_ITConfig                             0x08003e23   Thumb Code    18  stm32f10x_tim.o(.text)
    TIM_GenerateEvent                        0x08003e35   Thumb Code     4  stm32f10x_tim.o(.text)
    TIM_DMAConfig                            0x08003e39   Thumb Code    10  stm32f10x_tim.o(.text)
    TIM_DMACmd                               0x08003e43   Thumb Code    18  stm32f10x_tim.o(.text)
    TIM_InternalClockConfig                  0x08003e55   Thumb Code    12  stm32f10x_tim.o(.text)
    TIM_SelectInputTrigger                   0x08003e61   Thumb Code    18  stm32f10x_tim.o(.text)
    TIM_ITRxExternalClockConfig              0x08003e73   Thumb Code    24  stm32f10x_tim.o(.text)
    TIM_TIxExternalClockConfig               0x08003e8b   Thumb Code    62  stm32f10x_tim.o(.text)
    TIM_ETRConfig                            0x08003ec9   Thumb Code    28  stm32f10x_tim.o(.text)
    TIM_ETRClockMode1Config                  0x08003ee5   Thumb Code    54  stm32f10x_tim.o(.text)
    TIM_ETRClockMode2Config                  0x08003f1b   Thumb Code    32  stm32f10x_tim.o(.text)
    TIM_PrescalerConfig                      0x08003f3b   Thumb Code     6  stm32f10x_tim.o(.text)
    TIM_CounterModeConfig                    0x08003f41   Thumb Code    18  stm32f10x_tim.o(.text)
    TIM_EncoderInterfaceConfig               0x08003f53   Thumb Code    66  stm32f10x_tim.o(.text)
    TIM_ForcedOC1Config                      0x08003f95   Thumb Code    18  stm32f10x_tim.o(.text)
    TIM_ForcedOC2Config                      0x08003fa7   Thumb Code    26  stm32f10x_tim.o(.text)
    TIM_ForcedOC3Config                      0x08003fc1   Thumb Code    18  stm32f10x_tim.o(.text)
    TIM_ForcedOC4Config                      0x08003fd3   Thumb Code    26  stm32f10x_tim.o(.text)
    TIM_ARRPreloadConfig                     0x08003fed   Thumb Code    24  stm32f10x_tim.o(.text)
    TIM_SelectCOM                            0x08004005   Thumb Code    24  stm32f10x_tim.o(.text)
    TIM_SelectCCDMA                          0x0800401d   Thumb Code    24  stm32f10x_tim.o(.text)
    TIM_CCPreloadControl                     0x08004035   Thumb Code    24  stm32f10x_tim.o(.text)
    TIM_OC1PreloadConfig                     0x0800404d   Thumb Code    18  stm32f10x_tim.o(.text)
    TIM_OC2PreloadConfig                     0x0800405f   Thumb Code    26  stm32f10x_tim.o(.text)
    TIM_OC3PreloadConfig                     0x08004079   Thumb Code    18  stm32f10x_tim.o(.text)
    TIM_OC4PreloadConfig                     0x0800408b   Thumb Code    26  stm32f10x_tim.o(.text)
    TIM_OC1FastConfig                        0x080040a5   Thumb Code    18  stm32f10x_tim.o(.text)
    TIM_OC2FastConfig                        0x080040b7   Thumb Code    26  stm32f10x_tim.o(.text)
    TIM_OC3FastConfig                        0x080040d1   Thumb Code    18  stm32f10x_tim.o(.text)
    TIM_OC4FastConfig                        0x080040e3   Thumb Code    26  stm32f10x_tim.o(.text)
    TIM_ClearOC1Ref                          0x080040fd   Thumb Code    18  stm32f10x_tim.o(.text)
    TIM_ClearOC2Ref                          0x0800410f   Thumb Code    24  stm32f10x_tim.o(.text)
    TIM_ClearOC3Ref                          0x08004127   Thumb Code    18  stm32f10x_tim.o(.text)
    TIM_ClearOC4Ref                          0x08004139   Thumb Code    24  stm32f10x_tim.o(.text)
    TIM_OC1PolarityConfig                    0x08004151   Thumb Code    18  stm32f10x_tim.o(.text)
    TIM_OC1NPolarityConfig                   0x08004163   Thumb Code    18  stm32f10x_tim.o(.text)
    TIM_OC2PolarityConfig                    0x08004175   Thumb Code    26  stm32f10x_tim.o(.text)
    TIM_OC2NPolarityConfig                   0x0800418f   Thumb Code    26  stm32f10x_tim.o(.text)
    TIM_OC3PolarityConfig                    0x080041a9   Thumb Code    26  stm32f10x_tim.o(.text)
    TIM_OC3NPolarityConfig                   0x080041c3   Thumb Code    26  stm32f10x_tim.o(.text)
    TIM_OC4PolarityConfig                    0x080041dd   Thumb Code    26  stm32f10x_tim.o(.text)
    TIM_CCxCmd                               0x080041f7   Thumb Code    30  stm32f10x_tim.o(.text)
    TIM_CCxNCmd                              0x08004215   Thumb Code    30  stm32f10x_tim.o(.text)
    TIM_SelectOCxM                           0x08004233   Thumb Code    82  stm32f10x_tim.o(.text)
    TIM_UpdateDisableConfig                  0x08004285   Thumb Code    24  stm32f10x_tim.o(.text)
    TIM_UpdateRequestConfig                  0x0800429d   Thumb Code    24  stm32f10x_tim.o(.text)
    TIM_SelectHallSensor                     0x080042b5   Thumb Code    24  stm32f10x_tim.o(.text)
    TIM_SelectOnePulseMode                   0x080042cd   Thumb Code    18  stm32f10x_tim.o(.text)
    TIM_SelectOutputTrigger                  0x080042df   Thumb Code    18  stm32f10x_tim.o(.text)
    TIM_SelectSlaveMode                      0x080042f1   Thumb Code    18  stm32f10x_tim.o(.text)
    TIM_SelectMasterSlaveMode                0x08004303   Thumb Code    18  stm32f10x_tim.o(.text)
    TIM_SetCounter                           0x08004315   Thumb Code     4  stm32f10x_tim.o(.text)
    TIM_SetAutoreload                        0x08004319   Thumb Code     4  stm32f10x_tim.o(.text)
    TIM_SetCompare1                          0x0800431d   Thumb Code     4  stm32f10x_tim.o(.text)
    TIM_SetCompare2                          0x08004321   Thumb Code     4  stm32f10x_tim.o(.text)
    TIM_SetCompare3                          0x08004325   Thumb Code     4  stm32f10x_tim.o(.text)
    TIM_SetCompare4                          0x08004329   Thumb Code     6  stm32f10x_tim.o(.text)
    TIM_SetClockDivision                     0x0800432f   Thumb Code    18  stm32f10x_tim.o(.text)
    TIM_GetCapture1                          0x08004341   Thumb Code     6  stm32f10x_tim.o(.text)
    TIM_GetCapture2                          0x08004347   Thumb Code     6  stm32f10x_tim.o(.text)
    TIM_GetCapture3                          0x0800434d   Thumb Code     6  stm32f10x_tim.o(.text)
    TIM_GetCapture4                          0x08004353   Thumb Code     8  stm32f10x_tim.o(.text)
    TIM_GetCounter                           0x0800435b   Thumb Code     6  stm32f10x_tim.o(.text)
    TIM_GetPrescaler                         0x08004361   Thumb Code     6  stm32f10x_tim.o(.text)
    TIM_GetFlagStatus                        0x08004367   Thumb Code    18  stm32f10x_tim.o(.text)
    TIM_ClearFlag                            0x08004379   Thumb Code     6  stm32f10x_tim.o(.text)
    TIM_GetITStatus                          0x0800437f   Thumb Code    34  stm32f10x_tim.o(.text)
    TIM_ClearITPendingBit                    0x080043a1   Thumb Code     6  stm32f10x_tim.o(.text)
    USART_DeInit                             0x080043a9   Thumb Code   134  stm32f10x_usart.o(.text)
    USART_Init                               0x0800442f   Thumb Code   210  stm32f10x_usart.o(.text)
    USART_StructInit                         0x08004501   Thumb Code    24  stm32f10x_usart.o(.text)
    USART_ClockInit                          0x08004519   Thumb Code    34  stm32f10x_usart.o(.text)
    USART_ClockStructInit                    0x0800453b   Thumb Code    12  stm32f10x_usart.o(.text)
    USART_Cmd                                0x08004547   Thumb Code    24  stm32f10x_usart.o(.text)
    USART_ITConfig                           0x0800455f   Thumb Code    74  stm32f10x_usart.o(.text)
    USART_DMACmd                             0x080045a9   Thumb Code    18  stm32f10x_usart.o(.text)
    USART_SetAddress                         0x080045bb   Thumb Code    18  stm32f10x_usart.o(.text)
    USART_WakeUpConfig                       0x080045cd   Thumb Code    18  stm32f10x_usart.o(.text)
    USART_ReceiverWakeUpCmd                  0x080045df   Thumb Code    24  stm32f10x_usart.o(.text)
    USART_LINBreakDetectLengthConfig         0x080045f7   Thumb Code    18  stm32f10x_usart.o(.text)
    USART_LINCmd                             0x08004609   Thumb Code    24  stm32f10x_usart.o(.text)
    USART_SendData                           0x08004621   Thumb Code     8  stm32f10x_usart.o(.text)
    USART_ReceiveData                        0x08004629   Thumb Code    10  stm32f10x_usart.o(.text)
    USART_SendBreak                          0x08004633   Thumb Code    10  stm32f10x_usart.o(.text)
    USART_SetGuardTime                       0x0800463d   Thumb Code    16  stm32f10x_usart.o(.text)
    USART_SetPrescaler                       0x0800464d   Thumb Code    16  stm32f10x_usart.o(.text)
    USART_SmartCardCmd                       0x0800465d   Thumb Code    24  stm32f10x_usart.o(.text)
    USART_SmartCardNACKCmd                   0x08004675   Thumb Code    24  stm32f10x_usart.o(.text)
    USART_HalfDuplexCmd                      0x0800468d   Thumb Code    24  stm32f10x_usart.o(.text)
    USART_OverSampling8Cmd                   0x080046a5   Thumb Code    22  stm32f10x_usart.o(.text)
    USART_OneBitMethodCmd                    0x080046bb   Thumb Code    24  stm32f10x_usart.o(.text)
    USART_IrDAConfig                         0x080046d3   Thumb Code    18  stm32f10x_usart.o(.text)
    USART_IrDACmd                            0x080046e5   Thumb Code    24  stm32f10x_usart.o(.text)
    USART_GetFlagStatus                      0x080046fd   Thumb Code    26  stm32f10x_usart.o(.text)
    USART_ClearFlag                          0x08004717   Thumb Code    18  stm32f10x_usart.o(.text)
    USART_GetITStatus                        0x08004729   Thumb Code    84  stm32f10x_usart.o(.text)
    USART_ClearITPendingBit                  0x0800477d   Thumb Code    52  stm32f10x_usart.o(.text)
    Reset_Handler                            0x080047b1   Thumb Code     8  startup_stm32f10x_hd.o(.text)
    ADC1_2_IRQHandler                        0x080047cb   Thumb Code     0  startup_stm32f10x_hd.o(.text)
    ADC3_IRQHandler                          0x080047cb   Thumb Code     0  startup_stm32f10x_hd.o(.text)
    CAN1_RX1_IRQHandler                      0x080047cb   Thumb Code     0  startup_stm32f10x_hd.o(.text)
    CAN1_SCE_IRQHandler                      0x080047cb   Thumb Code     0  startup_stm32f10x_hd.o(.text)
    DMA1_Channel1_IRQHandler                 0x080047cb   Thumb Code     0  startup_stm32f10x_hd.o(.text)
    DMA1_Channel2_IRQHandler                 0x080047cb   Thumb Code     0  startup_stm32f10x_hd.o(.text)
    DMA1_Channel3_IRQHandler                 0x080047cb   Thumb Code     0  startup_stm32f10x_hd.o(.text)
    DMA1_Channel4_IRQHandler                 0x080047cb   Thumb Code     0  startup_stm32f10x_hd.o(.text)
    DMA1_Channel5_IRQHandler                 0x080047cb   Thumb Code     0  startup_stm32f10x_hd.o(.text)
    DMA1_Channel6_IRQHandler                 0x080047cb   Thumb Code     0  startup_stm32f10x_hd.o(.text)
    DMA1_Channel7_IRQHandler                 0x080047cb   Thumb Code     0  startup_stm32f10x_hd.o(.text)
    DMA2_Channel1_IRQHandler                 0x080047cb   Thumb Code     0  startup_stm32f10x_hd.o(.text)
    DMA2_Channel2_IRQHandler                 0x080047cb   Thumb Code     0  startup_stm32f10x_hd.o(.text)
    DMA2_Channel3_IRQHandler                 0x080047cb   Thumb Code     0  startup_stm32f10x_hd.o(.text)
    DMA2_Channel4_5_IRQHandler               0x080047cb   Thumb Code     0  startup_stm32f10x_hd.o(.text)
    EXTI0_IRQHandler                         0x080047cb   Thumb Code     0  startup_stm32f10x_hd.o(.text)
    EXTI15_10_IRQHandler                     0x080047cb   Thumb Code     0  startup_stm32f10x_hd.o(.text)
    EXTI1_IRQHandler                         0x080047cb   Thumb Code     0  startup_stm32f10x_hd.o(.text)
    EXTI2_IRQHandler                         0x080047cb   Thumb Code     0  startup_stm32f10x_hd.o(.text)
    EXTI3_IRQHandler                         0x080047cb   Thumb Code     0  startup_stm32f10x_hd.o(.text)
    EXTI4_IRQHandler                         0x080047cb   Thumb Code     0  startup_stm32f10x_hd.o(.text)
    EXTI9_5_IRQHandler                       0x080047cb   Thumb Code     0  startup_stm32f10x_hd.o(.text)
    FLASH_IRQHandler                         0x080047cb   Thumb Code     0  startup_stm32f10x_hd.o(.text)
    FSMC_IRQHandler                          0x080047cb   Thumb Code     0  startup_stm32f10x_hd.o(.text)
    I2C1_ER_IRQHandler                       0x080047cb   Thumb Code     0  startup_stm32f10x_hd.o(.text)
    I2C1_EV_IRQHandler                       0x080047cb   Thumb Code     0  startup_stm32f10x_hd.o(.text)
    I2C2_ER_IRQHandler                       0x080047cb   Thumb Code     0  startup_stm32f10x_hd.o(.text)
    I2C2_EV_IRQHandler                       0x080047cb   Thumb Code     0  startup_stm32f10x_hd.o(.text)
    PVD_IRQHandler                           0x080047cb   Thumb Code     0  startup_stm32f10x_hd.o(.text)
    RCC_IRQHandler                           0x080047cb   Thumb Code     0  startup_stm32f10x_hd.o(.text)
    RTCAlarm_IRQHandler                      0x080047cb   Thumb Code     0  startup_stm32f10x_hd.o(.text)
    SDIO_IRQHandler                          0x080047cb   Thumb Code     0  startup_stm32f10x_hd.o(.text)
    SPI1_IRQHandler                          0x080047cb   Thumb Code     0  startup_stm32f10x_hd.o(.text)
    SPI2_IRQHandler                          0x080047cb   Thumb Code     0  startup_stm32f10x_hd.o(.text)
    SPI3_IRQHandler                          0x080047cb   Thumb Code     0  startup_stm32f10x_hd.o(.text)
    TAMPER_IRQHandler                        0x080047cb   Thumb Code     0  startup_stm32f10x_hd.o(.text)
    TIM1_BRK_IRQHandler                      0x080047cb   Thumb Code     0  startup_stm32f10x_hd.o(.text)
    TIM1_CC_IRQHandler                       0x080047cb   Thumb Code     0  startup_stm32f10x_hd.o(.text)
    TIM1_TRG_COM_IRQHandler                  0x080047cb   Thumb Code     0  startup_stm32f10x_hd.o(.text)
    TIM1_UP_IRQHandler                       0x080047cb   Thumb Code     0  startup_stm32f10x_hd.o(.text)
    TIM2_IRQHandler                          0x080047cb   Thumb Code     0  startup_stm32f10x_hd.o(.text)
    TIM3_IRQHandler                          0x080047cb   Thumb Code     0  startup_stm32f10x_hd.o(.text)
    TIM4_IRQHandler                          0x080047cb   Thumb Code     0  startup_stm32f10x_hd.o(.text)
    TIM5_IRQHandler                          0x080047cb   Thumb Code     0  startup_stm32f10x_hd.o(.text)
    TIM6_IRQHandler                          0x080047cb   Thumb Code     0  startup_stm32f10x_hd.o(.text)
    TIM7_IRQHandler                          0x080047cb   Thumb Code     0  startup_stm32f10x_hd.o(.text)
    TIM8_BRK_IRQHandler                      0x080047cb   Thumb Code     0  startup_stm32f10x_hd.o(.text)
    TIM8_CC_IRQHandler                       0x080047cb   Thumb Code     0  startup_stm32f10x_hd.o(.text)
    TIM8_TRG_COM_IRQHandler                  0x080047cb   Thumb Code     0  startup_stm32f10x_hd.o(.text)
    TIM8_UP_IRQHandler                       0x080047cb   Thumb Code     0  startup_stm32f10x_hd.o(.text)
    USBWakeUp_IRQHandler                     0x080047cb   Thumb Code     0  startup_stm32f10x_hd.o(.text)
    USB_HP_CAN1_TX_IRQHandler                0x080047cb   Thumb Code     0  startup_stm32f10x_hd.o(.text)
    USB_LP_CAN1_RX0_IRQHandler               0x080047cb   Thumb Code     0  startup_stm32f10x_hd.o(.text)
    WWDG_IRQHandler                          0x080047cb   Thumb Code     0  startup_stm32f10x_hd.o(.text)
    delay_init                               0x080047d5   Thumb Code    50  delay.o(.text)
    delay_us                                 0x08004807   Thumb Code    72  delay.o(.text)
    delay_ms                                 0x0800484f   Thumb Code    72  delay.o(.text)
    _sys_exit                                0x080048a9   Thumb Code     6  usart.o(.text)
    fputc                                    0x080048af   Thumb Code    24  usart.o(.text)
    fgetc                                    0x080048c7   Thumb Code    26  usart.o(.text)
    uart_init                                0x080048e1   Thumb Code   152  usart.o(.text)
    USART_SendByte                           0x08004981   Thumb Code    30  usart1.o(.text)
    USART_SendStr                            0x0800499f   Thumb Code    32  usart1.o(.text)
    USART_SendBytes                          0x080049bf   Thumb Code    32  usart1.o(.text)
    USART_ReceivByte                         0x080049df   Thumb Code    30  usart1.o(.text)
    USART_ReceiveStr                         0x080049fd   Thumb Code    30  usart1.o(.text)
    My_USART3_Init                           0x08004a1b   Thumb Code   168  usart1.o(.text)
    USART3_IRQHandler                        0x08004ac3   Thumb Code    68  usart1.o(.text)
    My_USART2_Init                           0x08004b07   Thumb Code   164  usart1.o(.text)
    USART2_IRQHandler                        0x08004bab   Thumb Code    68  usart1.o(.text)
    USART1_IRQHandler                        0x08004bef   Thumb Code    48  usart1.o(.text)
    send_data                                0x08004c1f   Thumb Code    38  usart1.o(.text)
    usart5_Configuration                     0x08004c71   Thumb Code   168  usart5.o(.text)
    UART5_IRQHandler                         0x08004d19   Thumb Code    94  usart5.o(.text)
    usart5_Send                              0x08004d77   Thumb Code    78  usart5.o(.text)
    usart5_Receive                           0x08004dc5   Thumb Code    76  usart5.o(.text)
    usart5_FreeBuff                          0x08004e11   Thumb Code    68  usart5.o(.text)
    usart4_Configuration                     0x08004e69   Thumb Code   170  usart4.o(.text)
    UART4_IRQHandler                         0x08004f13   Thumb Code    94  usart4.o(.text)
    usart4_Send                              0x08004f71   Thumb Code    78  usart4.o(.text)
    usart4_Receive                           0x08004fbf   Thumb Code    76  usart4.o(.text)
    usart4_FreeBuff                          0x0800500b   Thumb Code    68  usart4.o(.text)
    mktime                                   0x08005061   Thumb Code   150  mktime.o(.text)
    __aeabi_memcpy                           0x08005109   Thumb Code    36  memcpya.o(.text)
    __aeabi_memcpy4                          0x08005109   Thumb Code     0  memcpya.o(.text)
    __aeabi_memcpy8                          0x08005109   Thumb Code     0  memcpya.o(.text)
    strlen                                   0x0800512d   Thumb Code    14  strlen.o(.text)
    __aeabi_uldivmod                         0x0800513b   Thumb Code    98  uldiv.o(.text)
    _localtime                               0x0800519d   Thumb Code   134  localtime_i.o(.text)
    __scatterload                            0x08005229   Thumb Code    28  init.o(.text)
    __scatterload_rt2                        0x08005229   Thumb Code     0  init.o(.text)
    __aeabi_llsl                             0x0800524d   Thumb Code    30  llshl.o(.text)
    _ll_shift_l                              0x0800524d   Thumb Code     0  llshl.o(.text)
    __aeabi_llsr                             0x0800526b   Thumb Code    32  llushr.o(.text)
    _ll_ushift_r                             0x0800526b   Thumb Code     0  llushr.o(.text)
    __decompress                             0x0800528b   Thumb Code     0  __dczerorl2.o(.text)
    __decompress1                            0x0800528b   Thumb Code    86  __dczerorl2.o(.text)
    __0printf$8                              0x080052e1   Thumb Code    22  printf8.o(i.__0printf$8)
    __1printf$8                              0x080052e1   Thumb Code     0  printf8.o(i.__0printf$8)
    __2printf                                0x080052e1   Thumb Code     0  printf8.o(i.__0printf$8)
    __scatterload_copy                       0x08005301   Thumb Code    14  handlers.o(i.__scatterload_copy)
    __scatterload_null                       0x0800530f   Thumb Code     2  handlers.o(i.__scatterload_null)
    __scatterload_zeroinit                   0x08005311   Thumb Code    14  handlers.o(i.__scatterload_zeroinit)
    year_code                                0x08005782   Data         597  bsp_calendar.o(.constdata)
    YearMonthBit                             0x080059d7   Data         153  bsp_calendar.o(.constdata)
    days                                     0x08005a70   Data          24  bsp_calendar.o(.constdata)
    day_code1                                0x08005a88   Data           9  bsp_calendar.o(.constdata)
    day_code2                                0x08005a92   Data           6  bsp_calendar.o(.constdata)
    table_week                               0x08005a98   Data          12  bsp_calendar.o(.constdata)
    Region$$Table$$Base                      0x08005ccc   Number         0  anon$$obj.o(Region$$Table)
    Region$$Table$$Limit                     0x08005cec   Number         0  anon$$obj.o(Region$$Table)
    yanz                                     0x20000000   Data           6  main.o(.data)
    id_table                                 0x20000006   Data           4  main.o(.data)
    Dump_flag                                0x2000000c   Data           4  main.o(.data)
    deal_dd                                  0x20000010   Data          11  main.o(.data)
    cal_p                                    0x2000001b   Data          16  main.o(.data)
    Flag                                     0x2000002c   Data           4  main.o(.data)
    SystemCoreClock                          0x20000030   Data           4  system_stm32f10x.o(.data)
    AHBPrescTable                            0x20000034   Data          16  system_stm32f10x.o(.data)
    Send_Com                                 0x20000044   Data          11  computer.o(.data)
    user_num                                 0x20000050   Data           1  deal_fg.o(.data)
    count1                                   0x20000051   Data           1  deal_fg.o(.data)
    jc_FG                                    0x20000052   Data           6  deal_fg.o(.data)
    Del_FG                                   0x20000058   Data           6  deal_fg.o(.data)
    FG_Key                                   0x2000005e   Data          10  deal_fg.o(.data)
    succes                                   0x20000068   Data          11  deal_fg.o(.data)
    error                                    0x20000073   Data          11  deal_fg.o(.data)
    shijian                                  0x2000007e   Data           8  deal_fg.o(.data)
    month_day                                0x20000088   Data          48  deal_fg.o(.data)
    FP_Pack_Head                             0x200000b8   Data           6  fpm10a.o(.data)
    FP_Get_Img                               0x200000be   Data           6  fpm10a.o(.data)
    FP_Templete_Num                          0x200000c4   Data           6  fpm10a.o(.data)
    FP_Search                                0x200000ca   Data          11  fpm10a.o(.data)
    FP_Search_0_9                            0x200000d5   Data          11  fpm10a.o(.data)
    FP_Img_To_Buffer1                        0x200000e0   Data           7  fpm10a.o(.data)
    FP_Img_To_Buffer2                        0x200000e7   Data           7  fpm10a.o(.data)
    FP_Reg_Model                             0x200000ee   Data           6  fpm10a.o(.data)
    FP_Delet_All_Model                       0x200000f4   Data           6  fpm10a.o(.data)
    FP_Save_Finger                           0x200000fa   Data           9  fpm10a.o(.data)
    FP_Delete_Model                          0x20000103   Data          10  fpm10a.o(.data)
    FP_duibi_Num                             0x2000010d   Data           6  fpm10a.o(.data)
    Zhiwenyan                                0x20000113   Data           9  fpm10a.o(.data)
    JieQiStr                                 0x2000011c   Data          96  bsp_calendar.o(.data)
    sky                                      0x2000017c   Data          40  bsp_calendar.o(.data)
    earth                                    0x200001a4   Data          48  bsp_calendar.o(.data)
    monthcode                                0x200001d4   Data          48  bsp_calendar.o(.data)
    nongliday                                0x20000204   Data          16  bsp_calendar.o(.data)
    TimeDisplay                              0x20000244   Data           4  bsp_rtc.o(.data)
    WEEK_STR                                 0x20000248   Data          28  bsp_rtc.o(.data)
    zodiac_sign                              0x20000264   Data          48  bsp_rtc.o(.data)
    times_S                                  0x20000294   Data           4  bsp_rtc.o(.data)
    t_tm                                     0x20000298   Data           4  bsp_rtc.o(.data)
    up                                       0x200002a4   Data           1  run.o(.data)
    left                                     0x200002a5   Data           1  run.o(.data)
    __stdout                                 0x200002c0   Data           4  usart.o(.data)
    USART_RX_STA                             0x200002c4   Data           2  usart.o(.data)
    z                                        0x200002c6   Data           1  usart1.o(.data)
    x                                        0x200002c7   Data           1  usart1.o(.data)
    s1                                       0x200002c8   Data           1  usart1.o(.data)
    s                                        0x200002d4   Data           1  usart4.o(.data)
    systmtime                                0x200002d8   Data          28  main.o(.bss)
    yi                                       0x200002f4   Data          12  main.o(.bss)
    cal_test                                 0x20000300   Data          16  main.o(.bss)
    Times11                                  0x20000310   Data          32  main.o(.bss)
    sss                                      0x20000330   Data          11  main.o(.bss)
    Mytime                                   0x2000033c   Data          10  computer.o(.bss)
    I2c_Buf_Write                            0x20000346   Data         256  computer.o(.bss)
    dat                                      0x20000446   Data          18  fpm10a.o(.bss)
    UART1_FINGERPRINT_RECEVICE_BUFFER        0x20000458   Data          24  fpm10a.o(.bss)
    USART_ReceStr                            0x20000470   Data          24  usart1.o(.bss)
    san                                      0x20000488   Data          11  usart1.o(.bss)
    er                                       0x20000493   Data          10  usart1.o(.bss)
    si                                       0x20000570   Data          11  usart4.o(.bss)
    __initial_sp                             0x20000980   Data           0  startup_stm32f10x_hd.o(STACK)



==============================================================================

Memory Map of the image

  Image Entry point : 0x08000131

  Load Region LR_IROM1 (Base: 0x08000000, Size: 0x00005fc4, Max: 0x00080000, ABSOLUTE, COMPRESSED[0x00005e94])

    Execution Region ER_IROM1 (Exec base: 0x08000000, Load base: 0x08000000, Size: 0x00005cec, Max: 0x00080000, ABSOLUTE)

    Exec Addr    Load Addr    Size         Type   Attr      Idx    E Section Name        Object

    0x08000000   0x08000000   0x00000130   Data   RO          879    RESET               startup_stm32f10x_hd.o
    0x08000130   0x08000130   0x00000000   Code   RO          991  * .ARM.Collect$$$$00000000  mc_w.l(entry.o)
    0x08000130   0x08000130   0x00000004   Code   RO         1268    .ARM.Collect$$$$00000001  mc_w.l(entry2.o)
    0x08000134   0x08000134   0x00000004   Code   RO         1271    .ARM.Collect$$$$00000004  mc_w.l(entry5.o)
    0x08000138   0x08000138   0x00000000   Code   RO         1273    .ARM.Collect$$$$00000008  mc_w.l(entry7b.o)
    0x08000138   0x08000138   0x00000000   Code   RO         1275    .ARM.Collect$$$$0000000A  mc_w.l(entry8b.o)
    0x08000138   0x08000138   0x00000008   Code   RO         1276    .ARM.Collect$$$$0000000B  mc_w.l(entry9a.o)
    0x08000140   0x08000140   0x00000000   Code   RO         1278    .ARM.Collect$$$$0000000D  mc_w.l(entry10a.o)
    0x08000140   0x08000140   0x00000000   Code   RO         1280    .ARM.Collect$$$$0000000F  mc_w.l(entry11a.o)
    0x08000140   0x08000140   0x00000004   Code   RO         1269    .ARM.Collect$$$$00002712  mc_w.l(entry2.o)
    0x08000144   0x08000144   0x00000178   Code   RO            1    .text               main.o
    0x080002bc   0x080002bc   0x00000040   Code   RO          171    .text               stm32f10x_it.o
    0x080002fc   0x080002fc   0x000001e0   Code   RO          269    .text               system_stm32f10x.o
    0x080004dc   0x080004dc   0x00000588   Code   RO          287    .text               computer.o
    0x08000a64   0x08000a64   0x000006c8   Code   RO          312    .text               deal_fg.o
    0x0800112c   0x0800112c   0x000002d4   Code   RO          329    .text               fpm10a.o
    0x08001400   0x08001400   0x000002ec   Code   RO          345    .text               bsp_i2c_ee.o
    0x080016ec   0x080016ec   0x000001bc   Code   RO          363    .text               bsp_i2c_gpio.o
    0x080018a8   0x080018a8   0x00000040   Code   RO          378    .text               key.o
    0x080018e8   0x080018e8   0x0000004c   Code   RO          399    .text               led.o
    0x08001934   0x08001934   0x000000c8   Code   RO          437    .text               pwm_config.o
    0x080019fc   0x080019fc   0x00000684   Code   RO          449    .text               bsp_calendar.o
    0x08002080   0x08002080   0x000001e0   Code   RO          469    .text               bsp_date.o
    0x08002260   0x08002260   0x00000784   Code   RO          487    .text               bsp_rtc.o
    0x080029e4   0x080029e4   0x000000a0   Code   RO          544    .text               run.o
    0x08002a84   0x08002a84   0x00000052   Code   RO          566    .text               finger.o
    0x08002ad6   0x08002ad6   0x00000002   PAD
    0x08002ad8   0x08002ad8   0x000000dc   Code   RO          588    .text               misc.o
    0x08002bb4   0x08002bb4   0x000000c4   Code   RO          612    .text               stm32f10x_bkp.o
    0x08002c78   0x08002c78   0x0000035c   Code   RO          732    .text               stm32f10x_gpio.o
    0x08002fd4   0x08002fd4   0x000000cc   Code   RO          768    .text               stm32f10x_pwr.o
    0x080030a0   0x080030a0   0x000003a4   Code   RO          780    .text               stm32f10x_rcc.o
    0x08003444   0x08003444   0x00000148   Code   RO          794    .text               stm32f10x_rtc.o
    0x0800358c   0x0800358c   0x00000e1a   Code   RO          830    .text               stm32f10x_tim.o
    0x080043a6   0x080043a6   0x00000002   PAD
    0x080043a8   0x080043a8   0x00000408   Code   RO          842    .text               stm32f10x_usart.o
    0x080047b0   0x080047b0   0x00000024   Code   RO          880    .text               startup_stm32f10x_hd.o
    0x080047d4   0x080047d4   0x000000d4   Code   RO          884    .text               delay.o
    0x080048a8   0x080048a8   0x000000d8   Code   RO          914    .text               usart.o
    0x08004980   0x08004980   0x000002f0   Code   RO          934    .text               usart1.o
    0x08004c70   0x08004c70   0x000001f8   Code   RO          954    .text               usart5.o
    0x08004e68   0x08004e68   0x000001f8   Code   RO          972    .text               usart4.o
    0x08005060   0x08005060   0x000000a8   Code   RO          998    .text               mc_w.l(mktime.o)
    0x08005108   0x08005108   0x00000024   Code   RO         1001    .text               mc_w.l(memcpya.o)
    0x0800512c   0x0800512c   0x0000000e   Code   RO         1003    .text               mc_w.l(strlen.o)
    0x0800513a   0x0800513a   0x00000062   Code   RO         1284    .text               mc_w.l(uldiv.o)
    0x0800519c   0x0800519c   0x0000008c   Code   RO         1289    .text               mc_w.l(localtime_i.o)
    0x08005228   0x08005228   0x00000024   Code   RO         1303    .text               mc_w.l(init.o)
    0x0800524c   0x0800524c   0x0000001e   Code   RO         1305    .text               mc_w.l(llshl.o)
    0x0800526a   0x0800526a   0x00000020   Code   RO         1307    .text               mc_w.l(llushr.o)
    0x0800528a   0x0800528a   0x00000056   Code   RO         1321    .text               mc_w.l(__dczerorl2.o)
    0x080052e0   0x080052e0   0x00000020   Code   RO         1214    i.__0printf$8       mc_w.l(printf8.o)
    0x08005300   0x08005300   0x0000000e   Code   RO         1315    i.__scatterload_copy  mc_w.l(handlers.o)
    0x0800530e   0x0800530e   0x00000002   Code   RO         1316    i.__scatterload_null  mc_w.l(handlers.o)
    0x08005310   0x08005310   0x0000000e   Code   RO         1317    i.__scatterload_zeroinit  mc_w.l(handlers.o)
    0x0800531e   0x0800531e   0x00000002   PAD
    0x08005320   0x08005320   0x00000410   Code   RO         1221    i._printf_core      mc_w.l(printf8.o)
    0x08005730   0x08005730   0x00000024   Code   RO         1222    i._printf_post_padding  mc_w.l(printf8.o)
    0x08005754   0x08005754   0x0000002e   Code   RO         1223    i._printf_pre_padding  mc_w.l(printf8.o)
    0x08005782   0x08005782   0x0000032e   Data   RO          450    .constdata          bsp_calendar.o
    0x08005ab0   0x08005ab0   0x00000030   Data   RO          470    .constdata          bsp_date.o
    0x08005ae0   0x08005ae0   0x0000000c   Data   RO          999    .constdata          mc_w.l(mktime.o)
    0x08005aec   0x08005aec   0x0000000c   Data   RO         1290    .constdata          mc_w.l(localtime_i.o)
    0x08005af8   0x08005af8   0x0000014f   Data   RO          451    .conststring        bsp_calendar.o
    0x08005c47   0x08005c47   0x00000001   PAD
    0x08005c48   0x08005c48   0x00000083   Data   RO          488    .conststring        bsp_rtc.o
    0x08005ccb   0x08005ccb   0x00000001   PAD
    0x08005ccc   0x08005ccc   0x00000020   Data   RO         1313    Region$$Table       anon$$obj.o


    Execution Region RW_IRAM1 (Exec base: 0x20000000, Load base: 0x08005cec, Size: 0x00000980, Max: 0x00010000, ABSOLUTE, COMPRESSED[0x000001a8])

    Exec Addr    Load Addr    Size         Type   Attr      Idx    E Section Name        Object

    0x20000000   COMPRESSED   0x00000030   Data   RW            3    .data               main.o
    0x20000030   COMPRESSED   0x00000014   Data   RW          270    .data               system_stm32f10x.o
    0x20000044   COMPRESSED   0x0000000b   Data   RW          289    .data               computer.o
    0x2000004f   COMPRESSED   0x00000001   PAD
    0x20000050   COMPRESSED   0x00000068   Data   RW          314    .data               deal_fg.o
    0x200000b8   COMPRESSED   0x00000064   Data   RW          331    .data               fpm10a.o
    0x2000011c   COMPRESSED   0x000000f8   Data   RW          452    .data               bsp_calendar.o
    0x20000214   COMPRESSED   0x00000030   Data   RW          471    .data               bsp_date.o
    0x20000244   COMPRESSED   0x00000060   Data   RW          489    .data               bsp_rtc.o
    0x200002a4   COMPRESSED   0x00000002   Data   RW          545    .data               run.o
    0x200002a6   COMPRESSED   0x00000014   Data   RW          781    .data               stm32f10x_rcc.o
    0x200002ba   COMPRESSED   0x00000004   Data   RW          885    .data               delay.o
    0x200002be   COMPRESSED   0x00000002   PAD
    0x200002c0   COMPRESSED   0x00000006   Data   RW          916    .data               usart.o
    0x200002c6   COMPRESSED   0x00000003   Data   RW          936    .data               usart1.o
    0x200002c9   COMPRESSED   0x00000003   PAD
    0x200002cc   COMPRESSED   0x00000004   Data   RW          956    .data               usart5.o
    0x200002d0   COMPRESSED   0x00000005   Data   RW          974    .data               usart4.o
    0x200002d5   COMPRESSED   0x00000003   PAD
    0x200002d8        -       0x00000063   Zero   RW            2    .bss                main.o
    0x2000033b   COMPRESSED   0x00000001   PAD
    0x2000033c        -       0x0000010a   Zero   RW          288    .bss                computer.o
    0x20000446        -       0x0000002a   Zero   RW          330    .bss                fpm10a.o
    0x20000470        -       0x0000002d   Zero   RW          935    .bss                usart1.o
    0x2000049d        -       0x000000c8   Zero   RW          955    .bss                usart5.o
    0x20000565        -       0x00000016   Zero   RW          973    .bss                usart4.o
    0x2000057b   COMPRESSED   0x00000005   PAD
    0x20000580        -       0x00000400   Zero   RW          877    STACK               startup_stm32f10x_hd.o


==============================================================================

Image component sizes


      Code (inc. data)   RO Data    RW Data    ZI Data      Debug   Object Name

      1668        102       1149        248          0       5227   bsp_calendar.o
       480         16         48         48          0       2521   bsp_date.o
       748        232          0          0          0       2737   bsp_i2c_ee.o
       444          6          0          0          0       2060   bsp_i2c_gpio.o
      1924        824        131         96          0       4140   bsp_rtc.o
      1416         72          0         11        266       3734   computer.o
         0          0          0          0          0         32   core_cm3.o
      1736        160          0        104          0       4462   deal_fg.o
       212         18          0          4          0       1115   delay.o
        82          0          0          0          0        758   finger.o
       724         62          0        100         42       4838   fpm10a.o
        64          8          0          0          0        677   key.o
        76          8          0          0          0     205411   led.o
       376         62          0         48         99     211583   main.o
       220         22          0          0          0       1885   misc.o
       200         10          0          0          0        949   pwm_config.o
       160         12          0          2          0       1103   run.o
        36          8        304          0       1024        868   startup_stm32f10x_hd.o
       196          8          0          0          0       3580   stm32f10x_bkp.o
       860         38          0          0          0       5813   stm32f10x_gpio.o
        64          0          0          0          0     250073   stm32f10x_it.o
       204         14          0          0          0       1991   stm32f10x_pwr.o
       932         36          0         20          0       9024   stm32f10x_rcc.o
       328          4          0          0          0       2762   stm32f10x_rtc.o
      3610         88          0          0          0      22924   stm32f10x_tim.o
      1032         22          0          0          0       8540   stm32f10x_usart.o
       480         38          0         20          0       1967   system_stm32f10x.o
       216          8          0          6          0       3238   usart.o
       752         44          0          3         45       4098   usart1.o
       504         18          0          5         22       2654   usart4.o
       504         20          0          4        200       2579   usart5.o

    ----------------------------------------------------------------------
     20252       1960       1666        728       1704     773343   Object Totals
         0          0         32          0          0          0   (incl. Generated)
         4          0          2          9          6          0   (incl. Padding)

    ----------------------------------------------------------------------

      Code (inc. data)   RO Data    RW Data    ZI Data      Debug   Library Member Name

        86          0          0          0          0          0   __dczerorl2.o
         0          0          0          0          0          0   entry.o
         0          0          0          0          0          0   entry10a.o
         0          0          0          0          0          0   entry11a.o
         8          4          0          0          0          0   entry2.o
         4          0          0          0          0          0   entry5.o
         0          0          0          0          0          0   entry7b.o
         0          0          0          0          0          0   entry8b.o
         8          4          0          0          0          0   entry9a.o
        30          0          0          0          0          0   handlers.o
        36          8          0          0          0         68   init.o
        30          0          0          0          0         68   llshl.o
        32          0          0          0          0         68   llushr.o
       140          6         12          0          0         76   localtime_i.o
        36          0          0          0          0         68   memcpya.o
       168         18         12          0          0         80   mktime.o
      1154         54          0          0          0        352   printf8.o
        14          0          0          0          0         68   strlen.o
        98          0          0          0          0         92   uldiv.o

    ----------------------------------------------------------------------
      1846         94         24          0          0        940   Library Totals
         2          0          0          0          0          0   (incl. Padding)

    ----------------------------------------------------------------------

      Code (inc. data)   RO Data    RW Data    ZI Data      Debug   Library Name

      1844         94         24          0          0        940   mc_w.l

    ----------------------------------------------------------------------
      1846         94         24          0          0        940   Library Totals

    ----------------------------------------------------------------------

==============================================================================


      Code (inc. data)   RO Data    RW Data    ZI Data      Debug   

     22098       2054       1690        728       1704     771707   Grand Totals
     22098       2054       1690        424       1704     771707   ELF Image Totals (compressed)
     22098       2054       1690        424          0          0   ROM Totals

==============================================================================

    Total RO  Size (Code + RO Data)                23788 (  23.23kB)
    Total RW  Size (RW Data + ZI Data)              2432 (   2.38kB)
    Total ROM Size (Code + RO Data + RW Data)      24212 (  23.64kB)

==============================================================================

